Product: MDK-ARM Professional 5.10
Component: ARM Compiler 5.04 update 1 (build 49)
Tool: armlink [5040049]

==============================================================================

Removing Unused input sections from the image.

    Removing application.o(.rev16_text), (4 bytes).
    Removing application.o(.revsh_text), (4 bytes).
    Removing startup.o(.rev16_text), (4 bytes).
    Removing startup.o(.revsh_text), (4 bytes).
    Removing board.o(.rev16_text), (4 bytes).
    Removing board.o(.revsh_text), (4 bytes).
    Removing stm32f10x_it.o(.rev16_text), (4 bytes).
    Removing stm32f10x_it.o(.revsh_text), (4 bytes).
    Removing led.o(.rev16_text), (4 bytes).
    Removing led.o(.revsh_text), (4 bytes).
    Removing usart.o(.rev16_text), (4 bytes).
    Removing usart.o(.revsh_text), (4 bytes).
    Removing i2c1.o(.rev16_text), (4 bytes).
    Removing i2c1.o(.revsh_text), (4 bytes).
    Removing system_stm32f10x.o(.rev16_text), (4 bytes).
    Removing system_stm32f10x.o(.revsh_text), (4 bytes).
    Removing stm32f10x_crc.o(.rev16_text), (4 bytes).
    Removing stm32f10x_crc.o(.revsh_text), (4 bytes).
    Removing stm32f10x_crc.o(.text), (72 bytes).
    Removing stm32f10x_rcc.o(.rev16_text), (4 bytes).
    Removing stm32f10x_rcc.o(.revsh_text), (4 bytes).
    Removing stm32f10x_wwdg.o(.rev16_text), (4 bytes).
    Removing stm32f10x_wwdg.o(.revsh_text), (4 bytes).
    Removing stm32f10x_wwdg.o(.text), (288 bytes).
    Removing stm32f10x_pwr.o(.rev16_text), (4 bytes).
    Removing stm32f10x_pwr.o(.revsh_text), (4 bytes).
    Removing stm32f10x_pwr.o(.text), (452 bytes).
    Removing stm32f10x_exti.o(.rev16_text), (4 bytes).
    Removing stm32f10x_exti.o(.revsh_text), (4 bytes).
    Removing stm32f10x_exti.o(.text), (740 bytes).
    Removing stm32f10x_bkp.o(.rev16_text), (4 bytes).
    Removing stm32f10x_bkp.o(.revsh_text), (4 bytes).
    Removing stm32f10x_bkp.o(.text), (724 bytes).
    Removing stm32f10x_i2c.o(.rev16_text), (4 bytes).
    Removing stm32f10x_i2c.o(.revsh_text), (4 bytes).
    Removing stm32f10x_adc.o(.rev16_text), (4 bytes).
    Removing stm32f10x_adc.o(.revsh_text), (4 bytes).
    Removing stm32f10x_adc.o(.text), (3796 bytes).
    Removing stm32f10x_dac.o(.rev16_text), (4 bytes).
    Removing stm32f10x_dac.o(.revsh_text), (4 bytes).
    Removing stm32f10x_dac.o(.text), (1156 bytes).
    Removing stm32f10x_rtc.o(.rev16_text), (4 bytes).
    Removing stm32f10x_rtc.o(.revsh_text), (4 bytes).
    Removing stm32f10x_rtc.o(.text), (560 bytes).
    Removing stm32f10x_fsmc.o(.rev16_text), (4 bytes).
    Removing stm32f10x_fsmc.o(.revsh_text), (4 bytes).
    Removing stm32f10x_fsmc.o(.text), (3496 bytes).
    Removing stm32f10x_tim.o(.rev16_text), (4 bytes).
    Removing stm32f10x_tim.o(.revsh_text), (4 bytes).
    Removing stm32f10x_tim.o(.text), (14204 bytes).
    Removing stm32f10x_iwdg.o(.rev16_text), (4 bytes).
    Removing stm32f10x_iwdg.o(.revsh_text), (4 bytes).
    Removing stm32f10x_iwdg.o(.text), (228 bytes).
    Removing stm32f10x_spi.o(.rev16_text), (4 bytes).
    Removing stm32f10x_spi.o(.revsh_text), (4 bytes).
    Removing stm32f10x_spi.o(.text), (2444 bytes).
    Removing stm32f10x_flash.o(.rev16_text), (4 bytes).
    Removing stm32f10x_flash.o(.revsh_text), (4 bytes).
    Removing stm32f10x_flash.o(.text), (1940 bytes).
    Removing stm32f10x_sdio.o(.rev16_text), (4 bytes).
    Removing stm32f10x_sdio.o(.revsh_text), (4 bytes).
    Removing stm32f10x_sdio.o(.text), (1616 bytes).
    Removing stm32f10x_gpio.o(.rev16_text), (4 bytes).
    Removing stm32f10x_gpio.o(.revsh_text), (4 bytes).
    Removing stm32f10x_usart.o(.rev16_text), (4 bytes).
    Removing stm32f10x_usart.o(.revsh_text), (4 bytes).
    Removing stm32f10x_dbgmcu.o(.rev16_text), (4 bytes).
    Removing stm32f10x_dbgmcu.o(.revsh_text), (4 bytes).
    Removing stm32f10x_dbgmcu.o(.text), (152 bytes).
    Removing stm32f10x_dma.o(.rev16_text), (4 bytes).
    Removing stm32f10x_dma.o(.revsh_text), (4 bytes).
    Removing stm32f10x_can.o(.rev16_text), (4 bytes).
    Removing stm32f10x_can.o(.revsh_text), (4 bytes).
    Removing stm32f10x_can.o(.text), (4404 bytes).
    Removing stm32f10x_cec.o(.rev16_text), (4 bytes).
    Removing stm32f10x_cec.o(.revsh_text), (4 bytes).
    Removing stm32f10x_cec.o(.text), (688 bytes).
    Removing misc.o(.rev16_text), (4 bytes).
    Removing misc.o(.revsh_text), (4 bytes).
    Removing mempool.o(.text), (1092 bytes).
    Removing mempool.o(.constdata), (62 bytes).
    Removing mempool.o(.data), (8 bytes).
    Removing backtrace.o(.text), (2 bytes).
    Removing div0.o(.text), (4 bytes).
    Removing showmem.o(.text), (164 bytes).
    Removing showmem.o(.constdata), (18 bytes).
    Removing spi_core.o(.text), (1900 bytes).
    Removing spi_core.o(.constdata), (163 bytes).
    Removing spi_dev.o(.text), (920 bytes).
    Removing spi_dev.o(.constdata), (217 bytes).
    Removing pipe.o(.text), (1328 bytes).
    Removing pipe.o(.constdata), (86 bytes).
    Removing portal.o(.text), (884 bytes).
    Removing portal.o(.constdata), (95 bytes).
    Removing ringbuffer.o(.text), (1344 bytes).
    Removing ringbuffer.o(.constdata), (151 bytes).
    Removing workqueue.o(.text), (540 bytes).
    Removing workqueue.o(.constdata), (90 bytes).

98 unused section(s) (total 46276 bytes) removed from the image.

==============================================================================

Image component sizes


      Code (inc. data)   RO Data    RW Data    ZI Data      Debug   Object Name

       168         56          0          0        640     264322   application.o
       152         22          0          0          0      22961   board.o
       100          6          0          4          0       1352   clock.o
      3012       1244       1085          4          0      10323   cmd.o
       584        158         57          0          0       3051   completion.o
        64         12         12          0          0       1646   components.o
       240         26          0          0          0        800   context_rvds.o
      1540        750         19         16          0       3823   cpuport.o
      1220        144         75          0          0       6569   dataqueue.o
      1008        166        168          0          0       4933   device.o
      6168        154          0          8          0      10634   finsh_compiler.o
        44         10        243         64          0       1581   finsh_error.o
       528         18          0          8        128       3319   finsh_heap.o
        88          6          0          0          0       1552   finsh_init.o
       388          4          0          0        320       3220   finsh_node.o
      2776         36        196          0          0       8644   finsh_ops.o
      2428         32          0          0          0       9481   finsh_parser.o
      1624         16        126          0          0       5884   finsh_token.o
       412         18          0          4        192       7105   finsh_var.o
       228         34          0         12        384       6766   finsh_vm.o
      1084         76         12          0        184       4558   i2c1.o
       424         88         23          0         36       3088   i2c_core.o
       580        106        114          0          0       2796   i2c_dev.o
       360        104         22          4        384       2771   idle.o
      6904        466        471          0          0      21199   ipc.o
        72          6          0          1          0       1282   irq.o
      2512        168        290          8        128      10728   kservice.o
       236         10         48          1          0       1929   led.o
      2484        592        358         32         32       5763   mem.o
       484         72          0          0          0       2025   misc.o
       864        180         94        164          0       5712   object.o
       820        180         78         28        256       4665   scheduler.o
      2748        392        211          0          0       8249   serial.o
      2580        306        100          4       2176       5243   shell.o
       176         88          0          0          0       1191   startup.o
        64         26        304          0       1536        884   startup_stm32f10x_hd.o
      2372        176          0          0          0       5494   stm32f10x_dma.o
      2688        210          0          0          0       7073   stm32f10x_gpio.o
      3244        190          0          0          0      10795   stm32f10x_i2c.o
        18          0          0          0          0        889   stm32f10x_it.o
      2116        112          0         20          0      10008   stm32f10x_rcc.o
      3520        146          0          0          0      10164   stm32f10x_usart.o
         0          0          0         16          0       4125   symbol.o
       480         38          0         20          0     248171   system_stm32f10x.o
      1716        246        170          0          0       7722   thread.o
      1296        138         92         16          0       6751   timer.o
       752        118         80          8         84      25644   usart.o

    ----------------------------------------------------------------------
     63368       7146       4492        448       6480     796885   Object Totals
         0          0         32          0          0          0   (incl. Generated)
         2          0         12          6          0          0   (incl. Padding)

    ----------------------------------------------------------------------

      Code (inc. data)   RO Data    RW Data    ZI Data      Debug   Library Member Name

        90          0          0          0          0          0   __dczerorl2.o
         8          0          0          0          0         68   __main.o
        52          8          0          0          0          0   __scatter.o
        28          0          0          0          0          0   __scatter_zi.o
        28          0          0          0          0         68   _chval.o
       158          0          0          0          0         92   _strtoul.o
        26          0          0          0          0         80   atoi.o
        12          0          0          0          0         72   exit.o
         6          0          0          0          0        152   heapauxi.o
         0          0          0          0          0          0   indicate_semi.o
        44         10        272          0          0         76   lc_ctype_c.o
         2          0          0          0          0          0   libinit.o
        20          0          0          0          0          0   libinit2.o
         2          0          0          0          0          0   libshutdown.o
         2          0          0          0          0          0   libshutdown2.o
         8          4          0          0         96         68   libspace.o
        16          4          0          0          0         76   rt_ctype_table.o
         8          4          0          0          0         68   rt_errno_addr_intlibspace.o
         8          4          0          0          0         68   rt_locale_intlibspace.o
        68          0          0          0          0         68   rt_memclr.o
        78          0          0          0          0         80   rt_memclr_w.o
       138          0          0          0          0         68   rt_memcpy_v6.o
       100          0          0          0          0         80   rt_memcpy_w.o
         0          0          0          0          0          0   rtentry.o
        12          0          0          0          0          0   rtentry2.o
         6          0          0          0          0          0   rtentry4.o
         2          0          0          0          0          0   rtexit.o
        10          0          0          0          0          0   rtexit2.o
       128          0          0          0          0         68   strcmpv7m.o
        62          0          0          0          0         76   strlen.o
       150          0          0          0          0         80   strncmp.o
        86          0          0          0          0         76   strncpy.o
       112          0          0          0          0         88   strtol.o
        12          4          0          0          0         68   sys_exit.o
        74          0          0          0          0         80   sys_stackheap_outer.o
         2          0          0          0          0         68   use_no_semi.o

    ----------------------------------------------------------------------
      1564         38        272          0         96       1788   Library Totals
         6          0          0          0          0          0   (incl. Padding)

    ----------------------------------------------------------------------

      Code (inc. data)   RO Data    RW Data    ZI Data      Debug   Library Name

      1558         38        272          0         96       1788   c_w.l

    ----------------------------------------------------------------------
      1564         38        272          0         96       1788   Library Totals

    ----------------------------------------------------------------------

==============================================================================


      Code (inc. data)   RO Data    RW Data    ZI Data      Debug   

     64932       7184       4764        448       6576     794093   Grand Totals
     64932       7184       4764        160       6576     794093   ELF Image Totals (compressed)
     64932       7184       4764        160          0          0   ROM Totals

==============================================================================

    Total RO  Size (Code + RO Data)                69696 (  68.06kB)
    Total RW  Size (RW Data + ZI Data)              7024 (   6.86kB)
    Total ROM Size (Code + RO Data + RW Data)      69856 (  68.22kB)

==============================================================================

