Product: MDK-ARM Professional 5.10
Component: ARM Compiler 5.04 update 1 (build 49)
Tool: armlink [5040049]

==============================================================================

Section Cross References

    application.o(.text) refers to components.o(.text) for rt_components_init
    application.o(.text) refers to shell.o(.text) for finsh_set_device
    application.o(.text) refers to i2c1.o(.text) for rt_hw_i2c1_init
    application.o(.text) refers to bmp085.o(.text) for bmp085_init
    application.o(.text) refers to thread.o(.text) for rt_thread_create
    startup.o(.text) refers to kservice.o(.text) for rt_kprintf
    startup.o(.text) refers to board.o(.text) for rt_hw_board_init
    startup.o(.text) refers to mem.o(.text) for rt_system_heap_init
    startup.o(.text) refers to scheduler.o(.text) for rt_system_scheduler_init
    startup.o(.text) refers to timer.o(.text) for rt_system_timer_init
    startup.o(.text) refers to application.o(.text) for rt_application_init
    startup.o(.text) refers to idle.o(.text) for rt_thread_idle_init
    startup.o(.text) refers to context_rvds.o(.text) for rt_hw_interrupt_disable
    board.o(.text) refers to misc.o(.text) for NVIC_SetVectorTable
    board.o(.text) refers to irq.o(.text) for rt_interrupt_enter
    board.o(.text) refers to clock.o(.text) for rt_tick_increase
    board.o(.text) refers to usart.o(.text) for rt_hw_usart_init
    board.o(.text) refers to kservice.o(.text) for rt_console_set_device
    board.o(.text) refers to components.o(.text) for rt_components_board_init
    board.o(.text) refers to system_stm32f10x.o(.data) for SystemCoreClock
    led.o(.text) refers to stm32f10x_rcc.o(.text) for RCC_APB2PeriphClockCmd
    led.o(.text) refers to stm32f10x_gpio.o(.text) for GPIO_Init
    led.o(.text) refers to led.o(.data) for led_inited
    led.o(FSymTab) refers to led.o(.constdata) for __fsym_led_name
    led.o(FSymTab) refers to led.o(.text) for led
    usart.o(.text) refers to kservice.o(.text) for rt_kprintf
    usart.o(.text) refers to stm32f10x_usart.o(.text) for USART_Init
    usart.o(.text) refers to irq.o(.text) for rt_interrupt_enter
    usart.o(.text) refers to serial.o(.text) for rt_hw_serial_isr
    usart.o(.text) refers to stm32f10x_rcc.o(.text) for RCC_APB2PeriphClockCmd
    usart.o(.text) refers to stm32f10x_gpio.o(.text) for GPIO_Init
    usart.o(.text) refers to misc.o(.text) for NVIC_Init
    usart.o(.text) refers to usart.o(.constdata) for __FUNCTION__
    usart.o(.text) refers to usart.o(.data) for uart3
    usart.o(.text) refers to usart.o(.bss) for serial3
    usart.o(.constdata) refers to usart.o(.text) for stm32_configure
    i2c1.o(.text) refers to stm32f10x_i2c.o(.text) for I2C_GetFlagStatus
    i2c1.o(.text) refers to stm32f10x_dma.o(.text) for DMA_Cmd
    i2c1.o(.text) refers to ipc.o(.text) for rt_sem_take
    i2c1.o(.text) refers to clock.o(.text) for rt_tick_get
    i2c1.o(.text) refers to kservice.o(.text) for rt_kprintf
    i2c1.o(.text) refers to i2c_core.o(.text) for rt_i2c_transfer
    i2c1.o(.text) refers to stm32f10x_rcc.o(.text) for RCC_APB1PeriphClockCmd
    i2c1.o(.text) refers to stm32f10x_gpio.o(.text) for GPIO_Init
    i2c1.o(.text) refers to i2c1.o(.bss) for DMA_RX_Sem
    i2c1.o(.text) refers to i2c1.o(.constdata) for __FUNCTION__
    i2c1.o(.text) refers to misc.o(.text) for NVIC_Init
    i2c1.o(.text) refers to irq.o(.text) for rt_interrupt_enter
    i2c1.o(.text) refers to i2c1.o(.conststring) for .conststring
    i2c1.o(.constdata) refers to i2c1.o(.text) for i2c1_master_xfer
    bmp085.o(.text) refers to i2c1.o(.text) for i2c_register_read
    bmp085.o(.text) refers to scheduler.o(.text) for rt_enter_critical
    bmp085.o(.text) refers to ipc.o(.text) for rt_sem_take
    bmp085.o(.text) refers to dflt_clz.o(x$fpl$dfltu) for __aeabi_ui2d
    bmp085.o(.text) refers to ddiv.o(x$fpl$ddiv) for __aeabi_ddiv
    bmp085.o(.text) refers to pow.o(i.pow) for pow
    bmp085.o(.text) refers to daddsub_clz.o(x$fpl$drsb) for __aeabi_drsub
    bmp085.o(.text) refers to dmul.o(x$fpl$dmul) for __aeabi_dmul
    bmp085.o(.text) refers to dfixu.o(x$fpl$dfixu) for __aeabi_d2uiz
    bmp085.o(.text) refers to kservice.o(.text) for rt_kprintf
    bmp085.o(.text) refers to stm32f10x_rcc.o(.text) for RCC_APB2PeriphClockCmd
    bmp085.o(.text) refers to stm32f10x_gpio.o(.text) for GPIO_Init
    bmp085.o(.text) refers to stm32f10x_exti.o(.text) for EXTI_Init
    bmp085.o(.text) refers to misc.o(.text) for NVIC_Init
    bmp085.o(.text) refers to i2c_core.o(.text) for rt_i2c_bus_device_find
    bmp085.o(.text) refers to irq.o(.text) for rt_interrupt_enter
    bmp085.o(.text) refers to bmp085.o(.data) for i2c_device
    bmp085.o(.text) refers to bmp085.o(.bss) for bmp085_eoc
    bmp085.o(FSymTab) refers to bmp085.o(.constdata) for __fsym_get_bmp085_name
    bmp085.o(FSymTab) refers to bmp085.o(.text) for get_bmp085
    system_stm32f10x.o(.text) refers to system_stm32f10x.o(.data) for SystemCoreClock
[...]
    RCC_USBCLKConfig                         0x080017bf   Thumb Code    30  stm32f10x_rcc.o(.text)
    RCC_ADCCLKConfig                         0x080017dd   Thumb Code    52  stm32f10x_rcc.o(.text)
    RCC_LSEConfig                            0x08001811   Thumb Code   150  stm32f10x_rcc.o(.text)
    RCC_LSICmd                               0x080018a7   Thumb Code    30  stm32f10x_rcc.o(.text)
    RCC_RTCCLKConfig                         0x080018c5   Thumb Code    52  stm32f10x_rcc.o(.text)
    RCC_RTCCLKCmd                            0x080018f9   Thumb Code    32  stm32f10x_rcc.o(.text)
    RCC_GetClocksFreq                        0x08001919   Thumb Code   208  stm32f10x_rcc.o(.text)
    RCC_AHBPeriphClockCmd                    0x080019e9   Thumb Code    86  stm32f10x_rcc.o(.text)
    RCC_APB2PeriphClockCmd                   0x08001a3f   Thumb Code    82  stm32f10x_rcc.o(.text)
    RCC_APB1PeriphClockCmd                   0x08001a91   Thumb Code    82  stm32f10x_rcc.o(.text)
    RCC_APB2PeriphResetCmd                   0x08001ae3   Thumb Code    82  stm32f10x_rcc.o(.text)
    RCC_APB1PeriphResetCmd                   0x08001b35   Thumb Code    82  stm32f10x_rcc.o(.text)
    RCC_BackupResetCmd                       0x08001b87   Thumb Code    32  stm32f10x_rcc.o(.text)
    RCC_ClockSecuritySystemCmd               0x08001ba7   Thumb Code    30  stm32f10x_rcc.o(.text)
    RCC_MCOConfig                            0x08001bc5   Thumb Code    44  stm32f10x_rcc.o(.text)
    RCC_ClearFlag                            0x08001bf1   Thumb Code    18  stm32f10x_rcc.o(.text)
    RCC_GetITStatus                          0x08001c03   Thumb Code    64  stm32f10x_rcc.o(.text)
    RCC_ClearITPendingBit                    0x08001c43   Thumb Code    34  stm32f10x_rcc.o(.text)
    EXTI_DeInit                              0x08001c89   Thumb Code    28  stm32f10x_exti.o(.text)
    EXTI_Init                                0x08001ca5   Thumb Code   236  stm32f10x_exti.o(.text)
    EXTI_StructInit                          0x08001d91   Thumb Code    16  stm32f10x_exti.o(.text)
    EXTI_GenerateSWInterrupt                 0x08001da1   Thumb Code    38  stm32f10x_exti.o(.text)
    EXTI_GetFlagStatus                       0x08001dc7   Thumb Code   140  stm32f10x_exti.o(.text)
    EXTI_ClearFlag                           0x08001e53   Thumb Code    30  stm32f10x_exti.o(.text)
    EXTI_GetITStatus                         0x08001e71   Thumb Code   152  stm32f10x_exti.o(.text)
    EXTI_ClearITPendingBit                   0x08001f09   Thumb Code    30  stm32f10x_exti.o(.text)
    I2C_DeInit                               0x08001f6d   Thumb Code    72  stm32f10x_i2c.o(.text)
    I2C_Init                                 0x08001fb5   Thumb Code   386  stm32f10x_i2c.o(.text)
    I2C_StructInit                           0x08002137   Thumb Code    30  stm32f10x_i2c.o(.text)
    I2C_Cmd                                  0x08002155   Thumb Code    72  stm32f10x_i2c.o(.text)
    I2C_DMACmd                               0x0800219d   Thumb Code    72  stm32f10x_i2c.o(.text)
    I2C_DMALastTransferCmd                   0x080021e5   Thumb Code    72  stm32f10x_i2c.o(.text)
    I2C_GenerateSTART                        0x0800222d   Thumb Code    72  stm32f10x_i2c.o(.text)
    I2C_GenerateSTOP                         0x08002275   Thumb Code    72  stm32f10x_i2c.o(.text)
    I2C_AcknowledgeConfig                    0x080022bd   Thumb Code    72  stm32f10x_i2c.o(.text)
    I2C_OwnAddress2Config                    0x08002305   Thumb Code    50  stm32f10x_i2c.o(.text)
    I2C_DualAddressCmd                       0x08002337   Thumb Code   158  stm32f10x_i2c.o(.text)
    I2C_GeneralCallCmd                       0x080023d5   Thumb Code    76  stm32f10x_i2c.o(.text)
    I2C_ITConfig                             0x08002421   Thumb Code    96  stm32f10x_i2c.o(.text)
    I2C_SendData                             0x08002481   Thumb Code    36  stm32f10x_i2c.o(.text)
    I2C_ReceiveData                          0x080024a5   Thumb Code    36  stm32f10x_i2c.o(.text)
    I2C_Send7bitAddress                      0x080024c9   Thumb Code    72  stm32f10x_i2c.o(.text)
    I2C_ReadRegister                         0x08002511   Thumb Code    98  stm32f10x_i2c.o(.text)
    I2C_SoftwareResetCmd                     0x08002573   Thumb Code    74  stm32f10x_i2c.o(.text)
    I2C_NACKPositionConfig                   0x080025bd   Thumb Code    88  stm32f10x_i2c.o(.text)
    I2C_SMBusAlertConfig                     0x08002615   Thumb Code    88  stm32f10x_i2c.o(.text)
    I2C_TransmitPEC                          0x0800266d   Thumb Code    76  stm32f10x_i2c.o(.text)
    I2C_PECPositionConfig                    0x080026b9   Thumb Code    88  stm32f10x_i2c.o(.text)
    I2C_CalculatePEC                         0x08002711   Thumb Code    76  stm32f10x_i2c.o(.text)
    I2C_GetPEC                               0x0800275d   Thumb Code    36  stm32f10x_i2c.o(.text)
    I2C_ARPCmd                               0x08002781   Thumb Code    84  stm32f10x_i2c.o(.text)
    I2C_StretchClockCmd                      0x080027d5   Thumb Code    76  stm32f10x_i2c.o(.text)
    I2C_FastModeDutyCycleConfig              0x08002821   Thumb Code    88  stm32f10x_i2c.o(.text)
    I2C_CheckEvent                           0x08002879   Thumb Code   226  stm32f10x_i2c.o(.text)
    I2C_GetLastEvent                         0x0800295b   Thumb Code    58  stm32f10x_i2c.o(.text)
    I2C_GetFlagStatus                        0x08002995   Thumb Code   236  stm32f10x_i2c.o(.text)
    I2C_ClearFlag                            0x08002a81   Thumb Code    68  stm32f10x_i2c.o(.text)
    I2C_GetITStatus                          0x08002ac5   Thumb Code   174  stm32f10x_i2c.o(.text)
    I2C_ClearITPendingBit                    0x08002b73   Thumb Code   166  stm32f10x_i2c.o(.text)
    GPIO_DeInit                              0x08002c19   Thumb Code   224  stm32f10x_gpio.o(.text)
    GPIO_AFIODeInit                          0x08002cf9   Thumb Code    20  stm32f10x_gpio.o(.text)
    GPIO_Init                                0x08002d0d   Thumb Code   378  stm32f10x_gpio.o(.text)
    GPIO_StructInit                          0x08002e87   Thumb Code    16  stm32f10x_gpio.o(.text)
    GPIO_ReadInputDataBit                    0x08002e97   Thumb Code   170  stm32f10x_gpio.o(.text)
    GPIO_ReadInputData                       0x08002f41   Thumb Code    64  stm32f10x_gpio.o(.text)
    GPIO_ReadOutputDataBit                   0x08002f81   Thumb Code   260  stm32f10x_gpio.o(.text)
    GPIO_ReadOutputData                      0x08003085   Thumb Code    66  stm32f10x_gpio.o(.text)
    GPIO_SetBits                             0x080030c7   Thumb Code    86  stm32f10x_gpio.o(.text)
    GPIO_ResetBits                           0x0800311d   Thumb Code    86  stm32f10x_gpio.o(.text)
    GPIO_WriteBit                            0x08003173   Thumb Code   188  stm32f10x_gpio.o(.text)
    GPIO_Write                               0x0800322f   Thumb Code    66  stm32f10x_gpio.o(.text)
    GPIO_PinLockConfig                       0x08003271   Thumb Code   100  stm32f10x_gpio.o(.text)
    GPIO_EventOutputConfig                   0x080032d5   Thumb Code   138  stm32f10x_gpio.o(.text)
    GPIO_EventOutputCmd                      0x0800335f   Thumb Code    30  stm32f10x_gpio.o(.text)
    GPIO_PinRemapConfig                      0x0800337d   Thumb Code   552  stm32f10x_gpio.o(.text)
    GPIO_EXTILineConfig                      0x080035a5   Thumb Code   186  stm32f10x_gpio.o(.text)
    GPIO_ETH_MediaInterfaceConfig            0x0800365f   Thumb Code    30  stm32f10x_gpio.o(.text)
    USART_DeInit                             0x08003699   Thumb Code   174  stm32f10x_usart.o(.text)
    USART_Init                               0x08003747   Thumb Code   450  stm32f10x_usart.o(.text)
    USART_StructInit                         0x08003909   Thumb Code    24  stm32f10x_usart.o(.text)
    USART_ClockInit                          0x08003921   Thumb Code   162  stm32f10x_usart.o(.text)
    USART_ClockStructInit                    0x080039c3   Thumb Code    12  stm32f10x_usart.o(.text)
    USART_Cmd                                0x080039cf   Thumb Code    90  stm32f10x_usart.o(.text)
    USART_ITConfig                           0x08003a29   Thumb Code   340  stm32f10x_usart.o(.text)
    USART_DMACmd                             0x08003b7d   Thumb Code   114  stm32f10x_usart.o(.text)
    USART_SetAddress                         0x08003bef   Thumb Code    86  stm32f10x_usart.o(.text)
    USART_WakeUpConfig                       0x08003c45   Thumb Code    90  stm32f10x_usart.o(.text)
    USART_ReceiverWakeUpCmd                  0x08003c9f   Thumb Code    94  stm32f10x_usart.o(.text)
    USART_LINBreakDetectLengthConfig         0x08003cfd   Thumb Code    88  stm32f10x_usart.o(.text)
    USART_LINCmd                             0x08003d55   Thumb Code    94  stm32f10x_usart.o(.text)
    USART_SendData                           0x08003db3   Thumb Code    78  stm32f10x_usart.o(.text)
    USART_ReceiveData                        0x08003e01   Thumb Code    56  stm32f10x_usart.o(.text)
    USART_SendBreak                          0x08003e39   Thumb Code    58  stm32f10x_usart.o(.text)
    USART_SetGuardTime                       0x08003e73   Thumb Code    54  stm32f10x_usart.o(.text)
    USART_SetPrescaler                       0x08003ea9   Thumb Code    66  stm32f10x_usart.o(.text)
    USART_SmartCardCmd                       0x08003eeb   Thumb Code   102  stm32f10x_usart.o(.text)
    USART_SmartCardNACKCmd                   0x08003f51   Thumb Code    82  stm32f10x_usart.o(.text)
    USART_HalfDuplexCmd                      0x08003fa3   Thumb Code    94  stm32f10x_usart.o(.text)
    USART_OverSampling8Cmd                   0x08004001   Thumb Code    92  stm32f10x_usart.o(.text)
    USART_OneBitMethodCmd                    0x0800405d   Thumb Code    94  stm32f10x_usart.o(.text)
    USART_IrDAConfig                         0x080040bb   Thumb Code    88  stm32f10x_usart.o(.text)
    USART_IrDACmd                            0x08004113   Thumb Code    94  stm32f10x_usart.o(.text)
    USART_GetFlagStatus                      0x08004171   Thumb Code   164  stm32f10x_usart.o(.text)
    USART_ClearFlag                          0x08004215   Thumb Code   122  stm32f10x_usart.o(.text)
    USART_GetITStatus                        0x0800428f   Thumb Code   280  stm32f10x_usart.o(.text)
    USART_ClearITPendingBit                  0x080043a7   Thumb Code   158  stm32f10x_usart.o(.text)
    DMA_DeInit                               0x08004459   Thumb Code   430  stm32f10x_dma.o(.text)
    DMA_Init                                 0x08004607   Thumb Code   388  stm32f10x_dma.o(.text)
    DMA_StructInit                           0x0800478b   Thumb Code    26  stm32f10x_dma.o(.text)
    DMA_Cmd                                  0x080047a5   Thumb Code   220  stm32f10x_dma.o(.text)
    DMA_ITConfig                             0x08004881   Thumb Code   174  stm32f10x_dma.o(.text)
    DMA_SetCurrDataCounter                   0x0800492f   Thumb Code   116  stm32f10x_dma.o(.text)
    DMA_GetCurrDataCounter                   0x080049a3   Thumb Code   116  stm32f10x_dma.o(.text)
    DMA_GetFlagStatus                        0x08004a17   Thumb Code   346  stm32f10x_dma.o(.text)
    DMA_ClearFlag                            0x08004b71   Thumb Code    54  stm32f10x_dma.o(.text)
    DMA_GetITStatus                          0x08004ba7   Thumb Code   396  stm32f10x_dma.o(.text)
    DMA_ClearITPendingBit                    0x08004d33   Thumb Code    52  stm32f10x_dma.o(.text)
    NVIC_PriorityGroupConfig                 0x08004d9d   Thumb Code    54  misc.o(.text)
    NVIC_Init                                0x08004dd3   Thumb Code   158  misc.o(.text)
    NVIC_SetVectorTable                      0x08004e71   Thumb Code    60  misc.o(.text)
    NVIC_SystemLPConfig                      0x08004ead   Thumb Code    78  misc.o(.text)
    SysTick_CLKSourceConfig                  0x08004efb   Thumb Code    62  misc.o(.text)
    Reset_Handler                            0x08004f81   Thumb Code     8  startup_stm32f10x_hd.o(.text)
    ADC1_2_IRQHandler                        0x08004f9b   Thumb Code     0  startup_stm32f10x_hd.o(.text)
    ADC3_IRQHandler                          0x08004f9b   Thumb Code     0  startup_stm32f10x_hd.o(.text)
    CAN1_RX1_IRQHandler                      0x08004f9b   Thumb Code     0  startup_stm32f10x_hd.o(.text)
    CAN1_SCE_IRQHandler                      0x08004f9b   Thumb Code     0  startup_stm32f10x_hd.o(.text)
    DMA1_Channel1_IRQHandler                 0x08004f9b   Thumb Code     0  startup_stm32f10x_hd.o(.text)
    DMA1_Channel2_IRQHandler                 0x08004f9b   Thumb Code     0  startup_stm32f10x_hd.o(.text)
    DMA1_Channel3_IRQHandler                 0x08004f9b   Thumb Code     0  startup_stm32f10x_hd.o(.text)
    DMA1_Channel4_IRQHandler                 0x08004f9b   Thumb Code     0  startup_stm32f10x_hd.o(.text)
    DMA1_Channel5_IRQHandler                 0x08004f9b   Thumb Code     0  startup_stm32f10x_hd.o(.text)
    DMA2_Channel1_IRQHandler                 0x08004f9b   Thumb Code     0  startup_stm32f10x_hd.o(.text)
    DMA2_Channel2_IRQHandler                 0x08004f9b   Thumb Code     0  startup_stm32f10x_hd.o(.text)
    DMA2_Channel3_IRQHandler                 0x08004f9b   Thumb Code     0  startup_stm32f10x_hd.o(.text)
    DMA2_Channel4_5_IRQHandler               0x08004f9b   Thumb Code     0  startup_stm32f10x_hd.o(.text)
    EXTI0_IRQHandler                         0x08004f9b   Thumb Code     0  startup_stm32f10x_hd.o(.text)
    EXTI15_10_IRQHandler                     0x08004f9b   Thumb Code     0  startup_stm32f10x_hd.o(.text)
    EXTI2_IRQHandler                         0x08004f9b   Thumb Code     0  startup_stm32f10x_hd.o(.text)
    EXTI3_IRQHandler                         0x08004f9b   Thumb Code     0  startup_stm32f10x_hd.o(.text)
    EXTI4_IRQHandler                         0x08004f9b   Thumb Code     0  startup_stm32f10x_hd.o(.text)
    EXTI9_5_IRQHandler                       0x08004f9b   Thumb Code     0  startup_stm32f10x_hd.o(.text)
    FLASH_IRQHandler                         0x08004f9b   Thumb Code     0  startup_stm32f10x_hd.o(.text)
    FSMC_IRQHandler                          0x08004f9b   Thumb Code     0  startup_stm32f10x_hd.o(.text)
    I2C1_ER_IRQHandler                       0x08004f9b   Thumb Code     0  startup_stm32f10x_hd.o(.text)
    I2C1_EV_IRQHandler                       0x08004f9b   Thumb Code     0  startup_stm32f10x_hd.o(.text)
    I2C2_ER_IRQHandler                       0x08004f9b   Thumb Code     0  startup_stm32f10x_hd.o(.text)
    I2C2_EV_IRQHandler                       0x08004f9b   Thumb Code     0  startup_stm32f10x_hd.o(.text)
    PVD_IRQHandler                           0x08004f9b   Thumb Code     0  startup_stm32f10x_hd.o(.text)
    RCC_IRQHandler                           0x08004f9b   Thumb Code     0  startup_stm32f10x_hd.o(.text)
    RTCAlarm_IRQHandler                      0x08004f9b   Thumb Code     0  startup_stm32f10x_hd.o(.text)
    RTC_IRQHandler                           0x08004f9b   Thumb Code     0  startup_stm32f10x_hd.o(.text)
    SDIO_IRQHandler                          0x08004f9b   Thumb Code     0  startup_stm32f10x_hd.o(.text)
    SPI1_IRQHandler                          0x08004f9b   Thumb Code     0  startup_stm32f10x_hd.o(.text)
    SPI2_IRQHandler                          0x08004f9b   Thumb Code     0  startup_stm32f10x_hd.o(.text)
    SPI3_IRQHandler                          0x08004f9b   Thumb Code     0  startup_stm32f10x_hd.o(.text)
    TAMPER_IRQHandler                        0x08004f9b   Thumb Code     0  startup_stm32f10x_hd.o(.text)
    TIM1_BRK_IRQHandler                      0x08004f9b   Thumb Code     0  startup_stm32f10x_hd.o(.text)
    TIM1_CC_IRQHandler                       0x08004f9b   Thumb Code     0  startup_stm32f10x_hd.o(.text)
    TIM1_TRG_COM_IRQHandler                  0x08004f9b   Thumb Code     0  startup_stm32f10x_hd.o(.text)
    TIM1_UP_IRQHandler                       0x08004f9b   Thumb Code     0  startup_stm32f10x_hd.o(.text)
    TIM2_IRQHandler                          0x08004f9b   Thumb Code     0  startup_stm32f10x_hd.o(.text)
    TIM3_IRQHandler                          0x08004f9b   Thumb Code     0  startup_stm32f10x_hd.o(.text)
    TIM4_IRQHandler                          0x08004f9b   Thumb Code     0  startup_stm32f10x_hd.o(.text)
    TIM5_IRQHandler                          0x08004f9b   Thumb Code     0  startup_stm32f10x_hd.o(.text)
    TIM6_IRQHandler                          0x08004f9b   Thumb Code     0  startup_stm32f10x_hd.o(.text)
    TIM7_IRQHandler                          0x08004f9b   Thumb Code     0  startup_stm32f10x_hd.o(.text)
    TIM8_BRK_IRQHandler                      0x08004f9b   Thumb Code     0  startup_stm32f10x_hd.o(.text)
    TIM8_CC_IRQHandler                       0x08004f9b   Thumb Code     0  startup_stm32f10x_hd.o(.text)
    TIM8_TRG_COM_IRQHandler                  0x08004f9b   Thumb Code     0  startup_stm32f10x_hd.o(.text)
    TIM8_UP_IRQHandler                       0x08004f9b   Thumb Code     0  startup_stm32f10x_hd.o(.text)
    UART4_IRQHandler                         0x08004f9b   Thumb Code     0  startup_stm32f10x_hd.o(.text)
    UART5_IRQHandler                         0x08004f9b   Thumb Code     0  startup_stm32f10x_hd.o(.text)
    USART1_IRQHandler                        0x08004f9b   Thumb Code     0  startup_stm32f10x_hd.o(.text)
    USART2_IRQHandler                        0x08004f9b   Thumb Code     0  startup_stm32f10x_hd.o(.text)
    USBWakeUp_IRQHandler                     0x08004f9b   Thumb Code     0  startup_stm32f10x_hd.o(.text)
    USB_HP_CAN1_TX_IRQHandler                0x08004f9b   Thumb Code     0  startup_stm32f10x_hd.o(.text)
    USB_LP_CAN1_RX0_IRQHandler               0x08004f9b   Thumb Code     0  startup_stm32f10x_hd.o(.text)
    WWDG_IRQHandler                          0x08004f9b   Thumb Code     0  startup_stm32f10x_hd.o(.text)
    __user_initial_stackheap                 0x08004f9d   Thumb Code     0  startup_stm32f10x_hd.o(.text)
    rt_system_tick_init                      0x08004fc1   Thumb Code     2  clock.o(.text)
    rt_tick_get                              0x08004fc3   Thumb Code     6  clock.o(.text)
    rt_tick_set                              0x08004fc9   Thumb Code    22  clock.o(.text)
    rt_tick_increase                         0x08004fdf   Thumb Code    42  clock.o(.text)
    rt_tick_from_millisecond                 0x08005009   Thumb Code    22  clock.o(.text)
    rt_device_find                           0x08005025   Thumb Code    76  device.o(.text)
    rt_device_register                       0x08005071   Thumb Code    50  device.o(.text)
    rt_device_unregister                     0x080050a3   Thumb Code    44  device.o(.text)
    rt_device_init_all                       0x080050cf   Thumb Code     4  device.o(.text)
    rt_device_init                           0x080050d3   Thumb Code    82  device.o(.text)
    rt_device_open                           0x08005125   Thumb Code   172  device.o(.text)
    rt_device_close                          0x080051d1   Thumb Code    86  device.o(.text)
    rt_device_read                           0x08005227   Thumb Code    90  device.o(.text)
    rt_device_write                          0x08005281   Thumb Code    90  device.o(.text)
    rt_device_control                        0x080052db   Thumb Code    60  device.o(.text)
    rt_device_set_rx_indicate                0x08005317   Thumb Code    44  device.o(.text)
    rt_device_set_tx_complete                0x08005343   Thumb Code    44  device.o(.text)
    rt_thread_idle_sethook                   0x08005415   Thumb Code     6  idle.o(.text)
    rt_thread_idle_excute                    0x0800541b   Thumb Code   176  idle.o(.text)
    rt_thread_idle_init                      0x080054df   Thumb Code    38  idle.o(.text)
    rt_sem_init                              0x08005629   Thumb Code    64  ipc.o(.text)
    rt_sem_detach                            0x08005669   Thumb Code    52  ipc.o(.text)
    rt_sem_create                            0x0800569d   Thumb Code   102  ipc.o(.text)
    rt_sem_delete                            0x08005703   Thumb Code   114  ipc.o(.text)
    rt_sem_take                              0x08005775   Thumb Code   324  ipc.o(.text)
    rt_sem_trytake                           0x080058b9   Thumb Code    14  ipc.o(.text)
    rt_sem_release                           0x080058c7   Thumb Code    80  ipc.o(.text)
    rt_sem_control                           0x08005917   Thumb Code    86  ipc.o(.text)
    rt_mutex_init                            0x0800596d   Thumb Code    76  ipc.o(.text)
    rt_mutex_detach                          0x080059b9   Thumb Code    54  ipc.o(.text)
    rt_mutex_create                          0x080059ef   Thumb Code   328  ipc.o(.text)
    rt_mutex_delete                          0x08005b37   Thumb Code   124  ipc.o(.text)
    rt_mutex_take                            0x08005bb3   Thumb Code   408  ipc.o(.text)
    rt_mutex_release                         0x08005d4b   Thumb Code   314  ipc.o(.text)
    rt_mutex_control                         0x08005e85   Thumb Code     8  ipc.o(.text)
    rt_event_init                            0x08005e8d   Thumb Code    66  ipc.o(.text)
    rt_event_detach                          0x08005ecf   Thumb Code    56  ipc.o(.text)
    rt_event_create                          0x08005f07   Thumb Code   164  ipc.o(.text)
    rt_event_delete                          0x08005fab   Thumb Code   124  ipc.o(.text)
    rt_event_send                            0x08006027   Thumb Code   232  ipc.o(.text)
    rt_event_recv                            0x0800610f   Thumb Code   450  ipc.o(.text)
    rt_event_control                         0x080062d1   Thumb Code    86  ipc.o(.text)
    rt_mb_init                               0x08006327   Thumb Code    96  ipc.o(.text)
    rt_mb_detach                             0x08006387   Thumb Code   120  ipc.o(.text)
    rt_mb_create                             0x080063ff   Thumb Code   148  ipc.o(.text)
    rt_mb_delete                             0x08006493   Thumb Code   138  ipc.o(.text)
    rt_mb_send_wait                          0x0800651d   Thumb Code   444  ipc.o(.text)
    rt_mb_send                               0x080066d9   Thumb Code    18  ipc.o(.text)
    rt_mb_recv                               0x080066eb   Thumb Code   506  ipc.o(.text)
    rt_mb_control                            0x080068e5   Thumb Code    98  ipc.o(.text)
    rt_mq_init                               0x08006947   Thumb Code   138  ipc.o(.text)
    rt_mq_detach                             0x080069d1   Thumb Code    56  ipc.o(.text)
    rt_mq_delete                             0x08006a09   Thumb Code   126  ipc.o(.text)
    rt_mq_create                             0x08006a87   Thumb Code   190  ipc.o(.text)
    rt_mq_send                               0x08006b45   Thumb Code   254  ipc.o(.text)
    rt_mq_urgent                             0x08006c43   Thumb Code   342  ipc.o(.text)
    rt_mq_recv                               0x08006d99   Thumb Code   530  ipc.o(.text)
    rt_mq_control                            0x08006fab   Thumb Code   116  ipc.o(.text)
    rt_interrupt_enter                       0x08007075   Thumb Code    30  irq.o(.text)
    rt_interrupt_leave                       0x08007093   Thumb Code    30  irq.o(.text)
    rt_interrupt_get_nest                    0x080070b1   Thumb Code     6  irq.o(.text)
    rt_get_errno                             0x080070bd   Thumb Code    32  kservice.o(.text)
    rt_set_errno                             0x080070dd   Thumb Code    36  kservice.o(.text)
    _rt_errno                                0x08007101   Thumb Code    30  kservice.o(.text)
    rt_memset                                0x0800711f   Thumb Code    72  kservice.o(.text)
    rt_memcpy                                0x08007167   Thumb Code   124  kservice.o(.text)
    rt_memmove                               0x080071e3   Thumb Code    66  kservice.o(.text)
    rt_memcmp                                0x08007225   Thumb Code    38  kservice.o(.text)
    rt_strlen                                0x0800724b   Thumb Code    18  kservice.o(.text)
    rt_strstr                                0x0800725d   Thumb Code    58  kservice.o(.text)
    rt_strcasecmp                            0x08007297   Thumb Code    48  kservice.o(.text)
    rt_strncpy                               0x080072c7   Thumb Code    52  kservice.o(.text)
    rt_strncmp                               0x080072fb   Thumb Code    40  kservice.o(.text)
    rt_strcmp                                0x08007323   Thumb Code    28  kservice.o(.text)
    rt_strdup                                0x0800733f   Thumb Code    40  kservice.o(.text)
    rt_hw_console_output                     0x08007367   Thumb Code     2  kservice.o(.text)
    rt_vsnprintf                             0x0800751f   Thumb Code   800  kservice.o(.text)
    rt_kprintf                               0x0800783f   Thumb Code    96  kservice.o(.text)
    rt_show_version                          0x0800789f   Thumb Code    38  kservice.o(.text)
    rt_snprintf                              0x080078c5   Thumb Code    38  kservice.o(.text)
    rt_vsprintf                              0x080078eb   Thumb Code    22  kservice.o(.text)
    rt_sprintf                               0x08007901   Thumb Code    34  kservice.o(.text)
    rt_console_get_device                    0x08007923   Thumb Code     6  kservice.o(.text)
    rt_console_set_device                    0x08007929   Thumb Code    48  kservice.o(.text)
    rt_malloc_align                          0x08007959   Thumb Code    66  kservice.o(.text)
    rt_free_align                            0x0800799b   Thumb Code    16  kservice.o(.text)
    __rt_ffs                                 0x080079ab   Thumb Code    70  kservice.o(.text)
    rt_malloc_sethook                        0x08007a8d   Thumb Code     6  mem.o(.text)
    rt_free_sethook                          0x08007a93   Thumb Code     6  mem.o(.text)
    rt_system_heap_init                      0x08007b6f   Thumb Code   222  mem.o(.text)
    rt_malloc                                0x08007c4d   Thumb Code   940  mem.o(.text)
    rt_free                                  0x08007ff9   Thumb Code   346  mem.o(.text)
    rt_realloc                               0x08008153   Thumb Code   330  mem.o(.text)
    rt_calloc                                0x0800829d   Thumb Code    98  mem.o(.text)
    rt_memory_info                           0x080082ff   Thumb Code    26  mem.o(.text)
    list_mem                                 0x08008319   Thumb Code    34  mem.o(.text)
    rt_object_attach_sethook                 0x08008461   Thumb Code     6  object.o(.text)
    rt_object_detach_sethook                 0x08008467   Thumb Code     6  object.o(.text)
    rt_object_trytake_sethook                0x0800846d   Thumb Code     6  object.o(.text)
    rt_object_take_sethook                   0x08008473   Thumb Code     6  object.o(.text)
    rt_object_put_sethook                    0x08008479   Thumb Code     6  object.o(.text)
    rt_system_object_init                    0x0800847f   Thumb Code     2  object.o(.text)
    rt_object_get_information                0x08008481   Thumb Code    10  object.o(.text)
    rt_object_init                           0x0800848b   Thumb Code    76  object.o(.text)
    rt_object_detach                         0x080084d7   Thumb Code    74  object.o(.text)
    rt_object_allocate                       0x08008521   Thumb Code   150  object.o(.text)
    rt_object_delete                         0x080085b7   Thumb Code   120  object.o(.text)
    rt_object_is_systemobject                0x0800862f   Thumb Code    52  object.o(.text)
    rt_object_find                           0x08008663   Thumb Code   138  object.o(.text)
    rt_scheduler_sethook                     0x080087a1   Thumb Code     6  scheduler.o(.text)
    rt_system_scheduler_init                 0x0800880b   Thumb Code    56  scheduler.o(.text)
    rt_system_scheduler_start                0x08008843   Thumb Code    36  scheduler.o(.text)
    rt_schedule                              0x08008867   Thumb Code   134  scheduler.o(.text)
    rt_schedule_insert_thread                0x080088ed   Thumb Code   100  scheduler.o(.text)
    rt_schedule_remove_thread                0x08008951   Thumb Code   112  scheduler.o(.text)
    rt_enter_critical                        0x080089c1   Thumb Code    28  scheduler.o(.text)
    rt_exit_critical                         0x080089dd   Thumb Code    54  scheduler.o(.text)
    rt_critical_level                        0x08008a13   Thumb Code     8  scheduler.o(.text)
    rt_thread_timeout                        0x08008b41   Thumb Code   102  thread.o(.text)
    rt_thread_init                           0x08008c45   Thumb Code   110  thread.o(.text)
    rt_thread_self                           0x08008cb3   Thumb Code     6  thread.o(.text)
    rt_thread_resume                         0x08008cb9   Thumb Code    96  thread.o(.text)
    rt_thread_startup                        0x08008d19   Thumb Code   116  thread.o(.text)
    rt_thread_detach                         0x08008d8d   Thumb Code    90  thread.o(.text)
    rt_thread_create                         0x08008de7   Thumb Code    80  thread.o(.text)
    rt_thread_delete                         0x08008e37   Thumb Code    82  thread.o(.text)
    rt_thread_yield                          0x08008e89   Thumb Code   314  thread.o(.text)
    rt_thread_suspend                        0x08008fc3   Thumb Code    98  thread.o(.text)
    rt_thread_sleep                          0x08009025   Thumb Code   100  thread.o(.text)
    rt_thread_delay                          0x08009089   Thumb Code    12  thread.o(.text)
    rt_thread_control                        0x08009095   Thumb Code   146  thread.o(.text)
    rt_thread_find                           0x08009127   Thumb Code    76  thread.o(.text)
    rt_timer_timeout_sethook                 0x08009197   Thumb Code     6  timer.o(.text)
    rt_timer_init                            0x08009229   Thumb Code    76  timer.o(.text)
    rt_timer_detach                          0x08009275   Thumb Code    62  timer.o(.text)
    rt_timer_create                          0x080092b3   Thumb Code    54  timer.o(.text)
    rt_timer_delete                          0x080092e9   Thumb Code    64  timer.o(.text)
    rt_timer_start                           0x08009329   Thumb Code   342  timer.o(.text)
    rt_timer_stop                            0x0800947f   Thumb Code    98  timer.o(.text)
    rt_timer_control                         0x080094e1   Thumb Code    94  timer.o(.text)
    rt_timer_check                           0x0800953f   Thumb Code   282  timer.o(.text)
    rt_timer_next_timeout_tick               0x08009659   Thumb Code    10  timer.o(.text)
    rt_system_timer_init                     0x08009663   Thumb Code    24  timer.o(.text)
    rt_system_timer_thread_init              0x0800967b   Thumb Code     2  timer.o(.text)
    rt_hw_stack_init                         0x08009699   Thumb Code    70  cpuport.o(.text)
    rt_hw_exception_install                  0x080096df   Thumb Code     6  cpuport.o(.text)
    rt_hw_hard_fault_exception               0x080098c3   Thumb Code   198  cpuport.o(.text)
    rt_hw_cpu_shutdown                       0x08009989   Thumb Code    38  cpuport.o(.text)
    rt_hw_interrupt_disable                  0x08009c9d   Thumb Code     8  context_rvds.o(.text)
    rt_hw_interrupt_enable                   0x08009ca5   Thumb Code     6  context_rvds.o(.text)
    rt_hw_context_switch                     0x08009cab   Thumb Code    32  context_rvds.o(.text)
    rt_hw_context_switch_interrupt           0x08009cab   Thumb Code     0  context_rvds.o(.text)
    PendSV_Handler                           0x08009ccb   Thumb Code    60  context_rvds.o(.text)
    rt_hw_context_switch_to                  0x08009d07   Thumb Code    56  context_rvds.o(.text)
    rt_hw_interrupt_thread_switch            0x08009d3f   Thumb Code     4  context_rvds.o(.text)
    HardFault_Handler                        0x08009d43   Thumb Code    48  context_rvds.o(.text)
    rt_i2c_bus_device_register               0x08009d8d   Thumb Code    58  i2c_core.o(.text)
    rt_i2c_bus_device_find                   0x08009dc7   Thumb Code    30  i2c_core.o(.text)
    rt_i2c_transfer                          0x08009de5   Thumb Code    60  i2c_core.o(.text)
    rt_i2c_master_send                       0x08009e21   Thumb Code    66  i2c_core.o(.text)
    rt_i2c_master_recv                       0x08009e63   Thumb Code   108  i2c_core.o(.text)
    rt_i2c_core_init                         0x08009ecf   Thumb Code    14  i2c_core.o(.text)
    rt_i2c_bus_device_device_init            0x0800a0bf   Thumb Code    80  i2c_dev.o(.text)
    rt_hw_serial_register                    0x0800a8bf   Thumb Code    98  serial.o(.text)
    rt_hw_serial_isr                         0x0800a921   Thumb Code   468  serial.o(.text)
    rt_completion_init                       0x0800ac35   Thumb Code    60  completion.o(.text)
    rt_completion_wait                       0x0800ac71   Thumb Code   256  completion.o(.text)
    rt_completion_done                       0x0800ad71   Thumb Code    94  completion.o(.text)
    rt_data_queue_init                       0x0800ae8b   Thumb Code    92  dataqueue.o(.text)
    rt_data_queue_push                       0x0800aee7   Thumb Code   314  dataqueue.o(.text)
    rt_data_queue_pop                        0x0800b021   Thumb Code   414  dataqueue.o(.text)
    rt_data_queue_peak                       0x0800b1bf   Thumb Code   112  dataqueue.o(.text)
    rt_data_queue_reset                      0x0800b22f   Thumb Code   252  dataqueue.o(.text)
    finsh_set_device                         0x0800b375   Thumb Code   136  shell.o(.text)
    finsh_get_device                         0x0800b3fd   Thumb Code    46  shell.o(.text)
    finsh_set_echo                           0x0800b42b   Thumb Code    48  shell.o(.text)
    finsh_get_echo                           0x0800b45b   Thumb Code    50  shell.o(.text)
    finsh_run_line                           0x0800b4a9   Thumb Code   150  shell.o(.text)
    finsh_thread_entry                       0x0800b5fb   Thumb Code  1656  shell.o(.text)
    finsh_system_function_init               0x0800bc73   Thumb Code    10  shell.o(.text)
    finsh_system_var_init                    0x0800bc7d   Thumb Code    10  shell.o(.text)
    finsh_system_init                        0x0800bc87   Thumb Code   122  shell.o(.text)
    hello                                    0x0800bd69   Thumb Code    12  cmd.o(.text)
    version                                  0x0800bd75   Thumb Code    10  cmd.o(.text)
    list_thread                              0x0800be2b   Thumb Code    10  cmd.o(.text)
    list_sem                                 0x0800bec9   Thumb Code    12  cmd.o(.text)
    list_event                               0x0800bf35   Thumb Code    12  cmd.o(.text)
    list_mutex                               0x0800bf83   Thumb Code    12  cmd.o(.text)
    list_mailbox                             0x0800c007   Thumb Code    12  cmd.o(.text)
    list_msgqueue                            0x0800c07f   Thumb Code    12  cmd.o(.text)
    list_mempool                             0x0800c0f1   Thumb Code    12  cmd.o(.text)
    list_timer                               0x0800c535   Thumb Code    10  cmd.o(.text)
    list_device                              0x0800c591   Thumb Code    12  cmd.o(.text)
    list                                     0x0800c59d   Thumb Code   126  cmd.o(.text)
    list_prefix                              0x0800c65d   Thumb Code   434  cmd.o(.text)
    finsh_compiler_run                       0x0800e0c7   Thumb Code    88  finsh_compiler.o(.text)
    finsh_error_init                         0x0800e131   Thumb Code     8  finsh_error.o(.text)
    finsh_error_set                          0x0800e139   Thumb Code    10  finsh_error.o(.text)
    finsh_errno                              0x0800e143   Thumb Code     6  finsh_error.o(.text)
    finsh_error_string                       0x0800e149   Thumb Code    10  finsh_error.o(.text)
    finsh_heap_init                          0x0800e15d   Thumb Code    36  finsh_heap.o(.text)
    finsh_heap_free                          0x0800e281   Thumb Code    34  finsh_heap.o(.text)
    finsh_heap_allocate                      0x0800e2f1   Thumb Code   106  finsh_heap.o(.text)
    finsh_init                               0x0800e36d   Thumb Code    30  finsh_init.o(.text)
    finsh_stack_bottom                       0x0800e38b   Thumb Code     6  finsh_init.o(.text)
    finsh_flush                              0x0800e391   Thumb Code    22  finsh_init.o(.text)
    finsh_reset                              0x0800e3a7   Thumb Code    24  finsh_init.o(.text)
    finsh_node_init                          0x0800e3c5   Thumb Code    16  finsh_node.o(.text)
    finsh_node_allocate                      0x0800e3d5   Thumb Code    56  finsh_node.o(.text)
    finsh_node_new_id                        0x0800e40d   Thumb Code   118  finsh_node.o(.text)
    finsh_node_new_char                      0x0800e483   Thumb Code    30  finsh_node.o(.text)
    finsh_node_new_int                       0x0800e4a1   Thumb Code    30  finsh_node.o(.text)
    finsh_node_new_long                      0x0800e4bf   Thumb Code    30  finsh_node.o(.text)
    finsh_node_new_string                    0x0800e4dd   Thumb Code    74  finsh_node.o(.text)
    finsh_node_new_ptr                       0x0800e527   Thumb Code    30  finsh_node.o(.text)
    OP_no_op                                 0x0800e549   Thumb Code     2  finsh_ops.o(.text)
    OP_add_byte                              0x0800e54b   Thumb Code    42  finsh_ops.o(.text)
    OP_add_word                              0x0800e575   Thumb Code    44  finsh_ops.o(.text)
    OP_add_dword                             0x0800e5a1   Thumb Code    42  finsh_ops.o(.text)
    OP_sub_byte                              0x0800e5cb   Thumb Code    42  finsh_ops.o(.text)
    OP_sub_word                              0x0800e5f5   Thumb Code    44  finsh_ops.o(.text)
    OP_sub_dword                             0x0800e621   Thumb Code    42  finsh_ops.o(.text)
    OP_div_byte                              0x0800e64b   Thumb Code    44  finsh_ops.o(.text)
    OP_div_word                              0x0800e677   Thumb Code    46  finsh_ops.o(.text)
    OP_div_dword                             0x0800e6a5   Thumb Code    44  finsh_ops.o(.text)
    OP_mod_byte                              0x0800e6d1   Thumb Code    48  finsh_ops.o(.text)
    OP_mod_word                              0x0800e701   Thumb Code    48  finsh_ops.o(.text)
    OP_mod_dword                             0x0800e731   Thumb Code    48  finsh_ops.o(.text)
    OP_mul_byte                              0x0800e761   Thumb Code    42  finsh_ops.o(.text)
    OP_mul_word                              0x0800e78b   Thumb Code    44  finsh_ops.o(.text)
    OP_mul_dword                             0x0800e7b7   Thumb Code    42  finsh_ops.o(.text)
    OP_and_byte                              0x0800e7e1   Thumb Code    42  finsh_ops.o(.text)
    OP_and_word                              0x0800e80b   Thumb Code    42  finsh_ops.o(.text)
    OP_and_dword                             0x0800e835   Thumb Code    42  finsh_ops.o(.text)
    OP_or_byte                               0x0800e85f   Thumb Code    42  finsh_ops.o(.text)
    OP_or_word                               0x0800e889   Thumb Code    42  finsh_ops.o(.text)
    OP_or_dword                              0x0800e8b3   Thumb Code    42  finsh_ops.o(.text)
    OP_xor_byte                              0x0800e8dd   Thumb Code    42  finsh_ops.o(.text)
    OP_xor_word                              0x0800e907   Thumb Code    46  finsh_ops.o(.text)
    OP_xor_dword                             0x0800e935   Thumb Code    42  finsh_ops.o(.text)
    OP_bw_byte                               0x0800e95f   Thumb Code    20  finsh_ops.o(.text)
    OP_bw_word                               0x0800e973   Thumb Code    20  finsh_ops.o(.text)
    OP_bw_dword                              0x0800e987   Thumb Code    20  finsh_ops.o(.text)
    OP_shl_byte                              0x0800e99b   Thumb Code    42  finsh_ops.o(.text)
    OP_shl_word                              0x0800e9c5   Thumb Code    44  finsh_ops.o(.text)
    OP_shl_dword                             0x0800e9f1   Thumb Code    42  finsh_ops.o(.text)
    OP_shr_byte                              0x0800ea1b   Thumb Code    42  finsh_ops.o(.text)
    OP_shr_word                              0x0800ea45   Thumb Code    42  finsh_ops.o(.text)
    OP_shr_dword                             0x0800ea6f   Thumb Code    42  finsh_ops.o(.text)
    OP_ld_byte                               0x0800ea99   Thumb Code    34  finsh_ops.o(.text)
    OP_ld_word                               0x0800eabb   Thumb Code    46  finsh_ops.o(.text)
    OP_ld_dword                              0x0800eae9   Thumb Code    64  finsh_ops.o(.text)
    OP_ld_value_byte                         0x0800eb29   Thumb Code    66  finsh_ops.o(.text)
    OP_ld_value_byte_stack                   0x0800eb6b   Thumb Code    20  finsh_ops.o(.text)
    OP_ld_value_word                         0x0800eb7f   Thumb Code    66  finsh_ops.o(.text)
    OP_ld_value_word_stack                   0x0800ebc1   Thumb Code    20  finsh_ops.o(.text)
    OP_ld_value_dword                        0x0800ebd5   Thumb Code    66  finsh_ops.o(.text)
    OP_ld_value_dword_stack                  0x0800ec17   Thumb Code    20  finsh_ops.o(.text)
    OP_st_byte                               0x0800ec2b   Thumb Code    30  finsh_ops.o(.text)
    OP_st_word                               0x0800ec49   Thumb Code    30  finsh_ops.o(.text)
    OP_st_dword                              0x0800ec67   Thumb Code    30  finsh_ops.o(.text)
    OP_pop                                   0x0800ec85   Thumb Code    12  finsh_ops.o(.text)
    OP_call                                  0x0800ec91   Thumb Code   906  finsh_ops.o(.text)
    finsh_parser_run                         0x0800f8b1   Thumb Code   220  finsh_parser.o(.text)
    finsh_parser_init                        0x0800f98d   Thumb Code    16  finsh_parser.o(.text)
    finsh_var_init                           0x0800f99d   Thumb Code    14  finsh_var.o(.text)
    finsh_var_insert                         0x0800f9ab   Thumb Code   114  finsh_var.o(.text)
    finsh_var_delete                         0x0800fa1d   Thumb Code    68  finsh_var.o(.text)
    finsh_var_lookup                         0x0800fa61   Thumb Code    58  finsh_var.o(.text)
    finsh_sysvar_append                      0x0800fa9b   Thumb Code    62  finsh_var.o(.text)
    finsh_sysvar_lookup                      0x0800fad9   Thumb Code    78  finsh_var.o(.text)
    finsh_vm_run                             0x0800fb39   Thumb Code    62  finsh_vm.o(.text)
    finsh_syscall_append                     0x0800fb77   Thumb Code    54  finsh_vm.o(.text)
    finsh_syscall_lookup                     0x0800fbad   Thumb Code    78  finsh_vm.o(.text)
    finsh_token_init                         0x0800fc1d   Thumb Code    20  finsh_token.o(.text)
    token_get_string                         0x0801000d   Thumb Code   120  finsh_token.o(.text)
    finsh_token_token                        0x08010245   Thumb Code    24  finsh_token.o(.text)
    finsh_token_get_token                    0x0801025d   Thumb Code    20  finsh_token.o(.text)
    rt_components_board_init                 0x08010281   Thumb Code    20  components.o(.text)
    rt_components_init                       0x08010295   Thumb Code    20  components.o(.text)
    atoi                                     0x080102b5   Thumb Code    26  atoi.o(.text)
    strlen                                   0x080102cf   Thumb Code    62  strlen.o(.text)
    strncmp                                  0x0801030d   Thumb Code   150  strncmp.o(.text)
    __aeabi_memcpy                           0x080103a3   Thumb Code     0  rt_memcpy_v6.o(.text)
    __rt_memcpy                              0x080103a3   Thumb Code   138  rt_memcpy_v6.o(.text)
    _memcpy_lastbytes                        0x08010409   Thumb Code     0  rt_memcpy_v6.o(.text)
    __aeabi_memcpy4                          0x0801042d   Thumb Code     0  rt_memcpy_w.o(.text)
    __aeabi_memcpy8                          0x0801042d   Thumb Code     0  rt_memcpy_w.o(.text)
    __rt_memcpy_w                            0x0801042d   Thumb Code   100  rt_memcpy_w.o(.text)
    _memcpy_lastbytes_aligned                0x08010475   Thumb Code     0  rt_memcpy_w.o(.text)
    __aeabi_memclr                           0x08010491   Thumb Code     0  rt_memclr.o(.text)
    __rt_memclr                              0x08010491   Thumb Code    68  rt_memclr.o(.text)
    _memset                                  0x08010495   Thumb Code     0  rt_memclr.o(.text)
    __aeabi_memclr4                          0x080104d5   Thumb Code     0  rt_memclr_w.o(.text)
    __aeabi_memclr8                          0x080104d5   Thumb Code     0  rt_memclr_w.o(.text)
    __rt_memclr_w                            0x080104d5   Thumb Code    78  rt_memclr_w.o(.text)
    _memset_w                                0x080104d9   Thumb Code     0  rt_memclr_w.o(.text)
    strncpy                                  0x08010523   Thumb Code    86  strncpy.o(.text)
    strcmp                                   0x08010579   Thumb Code   128  strcmpv7m.o(.text)
    __use_two_region_memory                  0x080105f9   Thumb Code     2  heapauxi.o(.text)
    __rt_heap_escrow$2region                 0x080105fb   Thumb Code     2  heapauxi.o(.text)
    __rt_heap_expand$2region                 0x080105fd   Thumb Code     2  heapauxi.o(.text)
    __aeabi_errno_addr                       0x08010601   Thumb Code     8  rt_errno_addr_intlibspace.o(.text)
    __errno$intlibspace                      0x08010601   Thumb Code     0  rt_errno_addr_intlibspace.o(.text)
    __rt_errno_addr$intlibspace              0x08010601   Thumb Code     0  rt_errno_addr_intlibspace.o(.text)
    __read_errno                             0x08010609   Thumb Code    10  _rserrno.o(.text)
    __set_errno                              0x08010613   Thumb Code    12  _rserrno.o(.text)
    strtol                                   0x0801061f   Thumb Code   112  strtol.o(.text)
    __user_libspace                          0x08010691   Thumb Code     8  libspace.o(.text)
    __user_perproc_libspace                  0x08010691   Thumb Code     0  libspace.o(.text)
    __user_perthread_libspace                0x08010691   Thumb Code     0  libspace.o(.text)
    __rt_ctype_table                         0x08010699   Thumb Code    16  rt_ctype_table.o(.text)
    _strtoul                                 0x080106a9   Thumb Code   158  _strtoul.o(.text)
    __user_setup_stackheap                   0x08010747   Thumb Code    74  sys_stackheap_outer.o(.text)
    __rt_locale                              0x08010791   Thumb Code     8  rt_locale_intlibspace.o(.text)
    _chval                                   0x08010799   Thumb Code    28  _chval.o(.text)
    exit                                     0x080107b5   Thumb Code    12  exit.o(.text)
    _sys_exit                                0x080107c1   Thumb Code     8  sys_exit.o(.text)
    __I$use$semihosting                      0x080107cd   Thumb Code     0  use_no_semi.o(.text)
    __use_no_semihosting_swi                 0x080107cd   Thumb Code     2  use_no_semi.o(.text)
    __ARM_fpclassify                         0x080107cf   Thumb Code    40  fpclassify.o(i.__ARM_fpclassify)
    __semihosting_library_function           0x080107cf   Thumb Code     0  indicate_semi.o(.text)
    __kernel_poly                            0x080107f7   Thumb Code   170  poly.o(i.__kernel_poly)
    __mathlib_dbl_underflow                  0x080108a1   Thumb Code    10  dunder.o(i.__mathlib_dbl_underflow)
    pow                                      0x080108b1   Thumb Code  2510  pow.o(i.pow)
    sqrt                                     0x08011291   Thumb Code    76  sqrt.o(i.sqrt)
    _get_lc_ctype                            0x080112dd   Thumb Code    44  lc_ctype_c.o(locale$$code)
    __aeabi_dadd                             0x08011309   Thumb Code     0  daddsub_clz.o(x$fpl$dadd)
    _dadd                                    0x08011309   Thumb Code   332  daddsub_clz.o(x$fpl$dadd)
    __fpl_dcheck_NaN1                        0x08011459   Thumb Code    10  dcheck1.o(x$fpl$dcheck1)
    __fpl_dcmp_Inf                           0x08011469   Thumb Code    24  dcmpi.o(x$fpl$dcmpinf)
    __aeabi_ddiv                             0x08011481   Thumb Code     0  ddiv.o(x$fpl$ddiv)
    _ddiv                                    0x08011481   Thumb Code   552  ddiv.o(x$fpl$ddiv)
    __aeabi_d2uiz                            0x08011731   Thumb Code     0  dfixu.o(x$fpl$dfixu)
    _dfixu                                   0x08011731   Thumb Code    90  dfixu.o(x$fpl$dfixu)
    __aeabi_i2d                              0x0801178b   Thumb Code     0  dflt_clz.o(x$fpl$dflt)
    _dflt                                    0x0801178b   Thumb Code    46  dflt_clz.o(x$fpl$dflt)
    __aeabi_ui2d                             0x080117b9   Thumb Code     0  dflt_clz.o(x$fpl$dfltu)
    _dfltu                                   0x080117b9   Thumb Code    38  dflt_clz.o(x$fpl$dfltu)
    __aeabi_cdcmple                          0x080117e1   Thumb Code     0  dleqf.o(x$fpl$dleqf)
    _dcmple                                  0x080117e1   Thumb Code   120  dleqf.o(x$fpl$dleqf)
    __fpl_dcmple_InfNaN                      0x08011843   Thumb Code     0  dleqf.o(x$fpl$dleqf)
    __aeabi_dmul                             0x08011859   Thumb Code     0  dmul.o(x$fpl$dmul)
    _dmul                                    0x08011859   Thumb Code   332  dmul.o(x$fpl$dmul)
    __fpl_dnaninf                            0x080119ad   Thumb Code   156  dnaninf.o(x$fpl$dnaninf)
    __fpl_dretinf                            0x08011a49   Thumb Code    12  dretinf.o(x$fpl$dretinf)
    __aeabi_cdrcmple                         0x08011a55   Thumb Code     0  drleqf.o(x$fpl$drleqf)
    _drcmple                                 0x08011a55   Thumb Code   108  drleqf.o(x$fpl$drleqf)
    __aeabi_drsub                            0x08011ac1   Thumb Code     0  daddsub_clz.o(x$fpl$drsb)
    _drsb                                    0x08011ac1   Thumb Code    22  daddsub_clz.o(x$fpl$drsb)
    _dsqrt                                   0x08011ad9   Thumb Code   456  dsqrt_noumaal.o(x$fpl$dsqrt)
    __aeabi_dsub                             0x08011ca5   Thumb Code     0  daddsub_clz.o(x$fpl$dsub)
    _dsub                                    0x08011ca5   Thumb Code   464  daddsub_clz.o(x$fpl$dsub)
    __fpl_return_NaN                         0x08011e79   Thumb Code   100  retnan.o(x$fpl$retnan)
    __ARM_scalbn                             0x08011edd   Thumb Code    92  scalbn.o(x$fpl$scalbn)
    __fpl_cmpreturn                          0x08011f39   Thumb Code    48  trapv.o(x$fpl$trapveneer)
    __I$use$fp                               0x08011f68   Number         0  usenofp.o(x$fpl$usenofp)
    __fsym_led_name                          0x08011f68   Data           4  led.o(.constdata)
    __fsym_led_desc                          0x08011f6c   Data          32  led.o(.constdata)
    __fsym_get_bmp085_name                   0x0801200d   Data          11  bmp085.o(.constdata)
    __fsym_get_bmp085_desc                   0x08012018   Data          16  bmp085.o(.constdata)
    __lowest_bit_bitmap                      0x080122bd   Data         256  kservice.o(.constdata)
    __fsym_list_mem_name                     0x080123df   Data           9  mem.o(.constdata)
    __fsym_list_mem_desc                     0x080123e8   Data          30  mem.o(.constdata)
    __fsym_hello_name                        0x08012850   Data           6  cmd.o(.constdata)
    __fsym_hello_desc                        0x08012856   Data          16  cmd.o(.constdata)
    __fsym_version_name                      0x08012866   Data           8  cmd.o(.constdata)
    __fsym_version_desc                      0x0801286e   Data          35  cmd.o(.constdata)
    __fsym_list_thread_name                  0x08012891   Data          12  cmd.o(.constdata)
    __fsym_list_thread_desc                  0x0801289d   Data          12  cmd.o(.constdata)
    __fsym_list_sem_name                     0x080128a9   Data           9  cmd.o(.constdata)
    __fsym_list_sem_desc                     0x080128b2   Data          25  cmd.o(.constdata)
    __fsym_list_event_name                   0x080128cb   Data          11  cmd.o(.constdata)
    __fsym_list_event_desc                   0x080128d6   Data          21  cmd.o(.constdata)
    __fsym_list_mutex_name                   0x080128eb   Data          11  cmd.o(.constdata)
    __fsym_list_mutex_desc                   0x080128f6   Data          21  cmd.o(.constdata)
    __fsym_list_mailbox_name                 0x0801290b   Data          13  cmd.o(.constdata)
    __fsym_list_mailbox_desc                 0x08012918   Data          24  cmd.o(.constdata)
    __fsym_list_msgqueue_name                0x08012930   Data          14  cmd.o(.constdata)
    __fsym_list_msgqueue_desc                0x0801293e   Data          29  cmd.o(.constdata)
    __fsym_list_mempool_name                 0x0801295b   Data          13  cmd.o(.constdata)
    __fsym_list_mempool_desc                 0x08012968   Data          27  cmd.o(.constdata)
    __fsym_list_timer_name                   0x08012983   Data          11  cmd.o(.constdata)
    __fsym_list_timer_desc                   0x0801298e   Data          21  cmd.o(.constdata)
    __fsym_list_device_name                  0x080129a3   Data          12  cmd.o(.constdata)
    __fsym_list_device_desc                  0x080129af   Data          22  cmd.o(.constdata)
    __fsym_list_name                         0x080129c5   Data           5  cmd.o(.constdata)
    __fsym_list_desc                         0x080129ca   Data          26  cmd.o(.constdata)
    __vsym_dummy_name                        0x080129e4   Data           6  cmd.o(.constdata)
    __vsym_dummy_desc                        0x080129ea   Data          25  cmd.o(.constdata)
    op_table                                 0x08012a50   Data         196  finsh_ops.o(.constdata)
    __mathlib_zero                           0x08012be0   Data           8  qnan.o(.constdata)
    __rt_init_rti_start                      0x08012ffc   Data           4  components.o(.rti_fn.0)
    __rt_init_rti_board_end                  0x08013000   Data           4  components.o(.rti_fn.1.post)
    __rt_init_rt_i2c_core_init               0x08013004   Data           4  i2c_core.o(.rti_fn.3)
    __rt_init_finsh_system_init              0x08013008   Data           4  shell.o(.rti_fn.3)
    __rt_init_rti_end                        0x0801300c   Data           4  components.o(.rti_fn.7)
    FSymTab$$Base                            0x08013010   Number         0  led.o(FSymTab)
    __fsym_led                               0x08013010   Data          12  led.o(FSymTab)
    __fsym_get_bmp085                        0x0801301c   Data          12  bmp085.o(FSymTab)
    __fsym_list_mem                          0x08013028   Data          12  mem.o(FSymTab)
    __fsym_hello                             0x08013034   Data          12  cmd.o(FSymTab)
    __fsym_version                           0x08013040   Data          12  cmd.o(FSymTab)
    __fsym_list_thread                       0x0801304c   Data          12  cmd.o(FSymTab)
    __fsym_list_sem                          0x08013058   Data          12  cmd.o(FSymTab)
    __fsym_list_event                        0x08013064   Data          12  cmd.o(FSymTab)
    __fsym_list_mutex                        0x08013070   Data          12  cmd.o(FSymTab)
    __fsym_list_mailbox                      0x0801307c   Data          12  cmd.o(FSymTab)
    __fsym_list_msgqueue                     0x08013088   Data          12  cmd.o(FSymTab)
    __fsym_list_mempool                      0x08013094   Data          12  cmd.o(FSymTab)
    __fsym_list_timer                        0x080130a0   Data          12  cmd.o(FSymTab)
    __fsym_list_device                       0x080130ac   Data          12  cmd.o(FSymTab)
    __fsym_list                              0x080130b8   Data          12  cmd.o(FSymTab)
    FSymTab$$Limit                           0x080130c4   Number         0  cmd.o(FSymTab)
    Region$$Table$$Base                      0x080130c4   Number         0  anon$$obj.o(Region$$Table)
    Region$$Table$$Limit                     0x080130e4   Number         0  anon$$obj.o(Region$$Table)
    VSymTab$$Base                            0x080130e4   Number         0  cmd.o(VSymTab)
    __vsym_dummy                             0x080130e4   Data          16  cmd.o(VSymTab)
    VSymTab$$Limit                           0x080130f4   Number         0  cmd.o(VSymTab)
    __ctype                                  0x08013101   Data           0  lc_ctype_c.o(locale$$data)
    uart3                                    0x20000004   Data           8  usart.o(.data)
    ac1                                      0x2000000c   Data           2  bmp085.o(.data)
    ac2                                      0x2000000e   Data           2  bmp085.o(.data)
    ac3                                      0x20000010   Data           2  bmp085.o(.data)
    ac4                                      0x20000012   Data           2  bmp085.o(.data)
    ac5                                      0x20000014   Data           2  bmp085.o(.data)
    ac6                                      0x20000016   Data           2  bmp085.o(.data)
    b1                                       0x20000018   Data           2  bmp085.o(.data)
    b2                                       0x2000001a   Data           2  bmp085.o(.data)
    mb                                       0x2000001c   Data           2  bmp085.o(.data)
    mc                                       0x2000001e   Data           2  bmp085.o(.data)
    md                                       0x20000020   Data           2  bmp085.o(.data)
    SystemCoreClock                          0x20000028   Data           4  system_stm32f10x.o(.data)
    AHBPrescTable                            0x2000002c   Data          16  system_stm32f10x.o(.data)
    rt_interrupt_nest                        0x20000058   Data           1  irq.o(.data)
    rt_object_container                      0x20000084   Data         144  object.o(.data)
    rt_object_trytake_hook                   0x2000011c   Data           4  object.o(.data)
    rt_object_take_hook                      0x20000120   Data           4  object.o(.data)
    rt_object_put_hook                       0x20000124   Data           4  object.o(.data)
    rt_current_thread                        0x2000012c   Data           4  scheduler.o(.data)
    rt_current_priority                      0x20000130   Data           1  scheduler.o(.data)
    rt_thread_ready_priority_group           0x20000134   Data           4  scheduler.o(.data)
    rt_thread_defunct                        0x20000138   Data           8  scheduler.o(.data)
    rt_interrupt_from_thread                 0x20000154   Data           4  cpuport.o(.data)
    rt_interrupt_to_thread                   0x20000158   Data           4  cpuport.o(.data)
    rt_thread_switch_interrupt_flag          0x2000015c   Data           4  cpuport.o(.data)
    shell                                    0x20000164   Data           4  shell.o(.data)
    _syscall_table_begin                     0x20000168   Data           4  symbol.o(.data)
    _syscall_table_end                       0x2000016c   Data           4  symbol.o(.data)
    _sysvar_table_begin                      0x20000170   Data           4  symbol.o(.data)
    _sysvar_table_end                        0x20000174   Data           4  symbol.o(.data)
    finsh_compile_sp                         0x2000017c   Data           4  finsh_compiler.o(.data)
    finsh_compile_pc                         0x20000180   Data           4  finsh_compiler.o(.data)
    global_errno                             0x20000184   Data           1  finsh_error.o(.data)
    global_sysvar_list                       0x200001cc   Data           4  finsh_var.o(.data)
    finsh_sp                                 0x200001d0   Data           4  finsh_vm.o(.data)
    finsh_pc                                 0x200001d4   Data           4  finsh_vm.o(.data)
    global_syscall_list                      0x200001d8   Data           4  finsh_vm.o(.data)
    serial3                                  0x200001dc   Data          84  usart.o(.bss)
    rt_thread_priority_table                 0x20000528   Data         256  scheduler.o(.bss)
    finsh_heap                               0x20000ecc   Data         128  finsh_heap.o(.bss)
    global_node_table                        0x20000f4c   Data         320  finsh_node.o(.bss)
    global_variable                          0x2000108c   Data         192  finsh_var.o(.bss)
    finsh_vm_stack                           0x2000114c   Data         256  finsh_vm.o(.bss)
    text_segment                             0x2000124c   Data         128  finsh_vm.o(.bss)
    __libspace_start                         0x200012cc   Data          96  libspace.o(.bss)
    __temporary_stack_top$libspace           0x2000132c   Data           0  libspace.o(.bss)
    Image$$RW_IRAM1$$ZI$$Limit               0x20001930   Number         0  anon$$obj.o ABSOLUTE



==============================================================================

Memory Map of the image

  Image Entry point : 0x08000131

  Load Region LR_IROM1 (Base: 0x08000000, Size: 0x000133e0, Max: 0x00080000, ABSOLUTE, COMPRESSED[0x000132a4])

    Execution Region ER_IROM1 (Base: 0x08000000, Size: 0x00013204, Max: 0x00080000, ABSOLUTE)

    Base Addr    Size         Type   Attr      Idx    E Section Name        Object

    0x08000000   0x00000130   Data   RO          856    RESET               startup_stm32f10x_hd.o
    0x08000130   0x00000008   Code   RO         1590  * !!!main             c_w.l(__main.o)
    0x08000138   0x00000034   Code   RO         1837    !!!scatter          c_w.l(__scatter.o)
    0x0800016c   0x0000005a   Code   RO         1835    !!dczerorl2         c_w.l(__dczerorl2.o)
    0x080001c6   0x00000002   PAD
    0x080001c8   0x0000001c   Code   RO         1839    !!handler_zi        c_w.l(__scatter_zi.o)
    0x080001e4   0x00000002   Code   RO         1705    .ARM.Collect$$libinit$$00000000  c_w.l(libinit.o)
    0x080001e6   0x00000000   Code   RO         1713    .ARM.Collect$$libinit$$00000002  c_w.l(libinit2.o)
    0x080001e6   0x00000000   Code   RO         1716    .ARM.Collect$$libinit$$00000008  c_w.l(libinit2.o)
    0x080001e6   0x00000000   Code   RO         1718    .ARM.Collect$$libinit$$0000000A  c_w.l(libinit2.o)
    0x080001e6   0x00000000   Code   RO         1720    .ARM.Collect$$libinit$$0000000C  c_w.l(libinit2.o)
    0x080001e6   0x00000006   Code   RO         1721    .ARM.Collect$$libinit$$0000000D  c_w.l(libinit2.o)
    0x080001ec   0x00000000   Code   RO         1723    .ARM.Collect$$libinit$$0000000F  c_w.l(libinit2.o)
    0x080001ec   0x0000000c   Code   RO         1724    .ARM.Collect$$libinit$$00000010  c_w.l(libinit2.o)
    0x080001f8   0x00000000   Code   RO         1725    .ARM.Collect$$libinit$$00000011  c_w.l(libinit2.o)
    0x080001f8   0x00000000   Code   RO         1727    .ARM.Collect$$libinit$$00000013  c_w.l(libinit2.o)
    0x080001f8   0x00000000   Code   RO         1729    .ARM.Collect$$libinit$$00000015  c_w.l(libinit2.o)
    0x080001f8   0x00000000   Code   RO         1731    .ARM.Collect$$libinit$$00000017  c_w.l(libinit2.o)
    0x080001f8   0x00000000   Code   RO         1733    .ARM.Collect$$libinit$$00000019  c_w.l(libinit2.o)
    0x080001f8   0x00000000   Code   RO         1735    .ARM.Collect$$libinit$$0000001B  c_w.l(libinit2.o)
    0x080001f8   0x00000000   Code   RO         1737    .ARM.Collect$$libinit$$0000001D  c_w.l(libinit2.o)
    0x080001f8   0x00000000   Code   RO         1739    .ARM.Collect$$libinit$$0000001F  c_w.l(libinit2.o)
    0x080001f8   0x00000000   Code   RO         1741    .ARM.Collect$$libinit$$00000021  c_w.l(libinit2.o)
    0x080001f8   0x00000000   Code   RO         1743    .ARM.Collect$$libinit$$00000023  c_w.l(libinit2.o)
    0x080001f8   0x00000000   Code   RO         1747    .ARM.Collect$$libinit$$0000002A  c_w.l(libinit2.o)
    0x080001f8   0x00000000   Code   RO         1749    .ARM.Collect$$libinit$$0000002C  c_w.l(libinit2.o)
    0x080001f8   0x00000000   Code   RO         1751    .ARM.Collect$$libinit$$0000002E  c_w.l(libinit2.o)
    0x080001f8   0x00000000   Code   RO         1753    .ARM.Collect$$libinit$$00000030  c_w.l(libinit2.o)
    0x080001f8   0x00000002   Code   RO         1754    .ARM.Collect$$libinit$$00000031  c_w.l(libinit2.o)
    0x080001fa   0x00000002   Code   RO         1776    .ARM.Collect$$libshutdown$$00000000  c_w.l(libshutdown.o)
    0x080001fc   0x00000000   Code   RO         1790    .ARM.Collect$$libshutdown$$00000003  c_w.l(libshutdown2.o)
    0x080001fc   0x00000000   Code   RO         1793    .ARM.Collect$$libshutdown$$00000006  c_w.l(libshutdown2.o)
    0x080001fc   0x00000000   Code   RO         1796    .ARM.Collect$$libshutdown$$00000009  c_w.l(libshutdown2.o)
    0x080001fc   0x00000000   Code   RO         1798    .ARM.Collect$$libshutdown$$0000000B  c_w.l(libshutdown2.o)
    0x080001fc   0x00000000   Code   RO         1801    .ARM.Collect$$libshutdown$$0000000E  c_w.l(libshutdown2.o)
    0x080001fc   0x00000002   Code   RO         1802    .ARM.Collect$$libshutdown$$0000000F  c_w.l(libshutdown2.o)
    0x080001fe   0x00000000   Code   RO         1624    .ARM.Collect$$rtentry$$00000000  c_w.l(rtentry.o)
    0x080001fe   0x00000000   Code   RO         1662    .ARM.Collect$$rtentry$$00000002  c_w.l(rtentry2.o)
    0x080001fe   0x00000006   Code   RO         1674    .ARM.Collect$$rtentry$$00000004  c_w.l(rtentry4.o)
    0x08000204   0x00000000   Code   RO         1664    .ARM.Collect$$rtentry$$00000009  c_w.l(rtentry2.o)
    0x08000204   0x00000004   Code   RO         1665    .ARM.Collect$$rtentry$$0000000A  c_w.l(rtentry2.o)
    0x08000208   0x00000000   Code   RO         1667    .ARM.Collect$$rtentry$$0000000C  c_w.l(rtentry2.o)
    0x08000208   0x00000008   Code   RO         1668    .ARM.Collect$$rtentry$$0000000D  c_w.l(rtentry2.o)
    0x08000210   0x00000002   Code   RO         1710    .ARM.Collect$$rtexit$$00000000  c_w.l(rtexit.o)
    0x08000212   0x00000000   Code   RO         1758    .ARM.Collect$$rtexit$$00000002  c_w.l(rtexit2.o)
    0x08000212   0x00000004   Code   RO         1759    .ARM.Collect$$rtexit$$00000003  c_w.l(rtexit2.o)
    0x08000216   0x00000006   Code   RO         1760    .ARM.Collect$$rtexit$$00000004  c_w.l(rtexit2.o)
    0x0800021c   0x00000058   Code   RO            3    .text               application.o
    0x08000274   0x000000b0   Code   RO          189    .text               startup.o
    0x08000324   0x00000098   Code   RO          210    .text               board.o
    0x080003bc   0x00000012   Code   RO          237    .text               stm32f10x_it.o
    0x080003ce   0x00000002   PAD
    0x080003d0   0x000000ec   Code   RO          260    .text               led.o
    0x080004bc   0x000002f0   Code   RO          285    .text               usart.o
    0x080007ac   0x0000063c   Code   RO          314    .text               i2c1.o
    0x08000de8   0x0000047c   Code   RO          338    .text               bmp085.o
    0x08001264   0x000001e0   Code   RO          368    .text               system_stm32f10x.o
    0x08001444   0x00000844   Code   RO          414    .text               stm32f10x_rcc.o
    0x08001c88   0x000002e4   Code   RO          476    .text               stm32f10x_exti.o
    0x08001f6c   0x00000cac   Code   RO          516    .text               stm32f10x_i2c.o
    0x08002c18   0x00000a80   Code   RO          716    .text               stm32f10x_gpio.o
    0x08003698   0x00000dc0   Code   RO          736    .text               stm32f10x_usart.o
    0x08004458   0x00000944   Code   RO          776    .text               stm32f10x_dma.o
    0x08004d9c   0x000001e4   Code   RO          836    .text               misc.o
    0x08004f80   0x00000040   Code   RO          857    .text               startup_stm32f10x_hd.o
    0x08004fc0   0x00000064   Code   RO          861    .text               clock.o
    0x08005024   0x000003f0   Code   RO          875    .text               device.o
    0x08005414   0x00000168   Code   RO          889    .text               idle.o
    0x0800557c   0x00001af8   Code   RO          909    .text               ipc.o
    0x08007074   0x00000048   Code   RO          926    .text               irq.o
    0x080070bc   0x000009d0   Code   RO          941    .text               kservice.o
    0x08007a8c   0x000009b4   Code   RO          958    .text               mem.o
    0x08008440   0x00000360   Code   RO          995    .text               object.o
    0x080087a0   0x00000334   Code   RO         1014    .text               scheduler.o
    0x08008ad4   0x000006b4   Code   RO         1035    .text               thread.o
    0x08009188   0x00000510   Code   RO         1052    .text               timer.o
    0x08009698   0x00000604   Code   RO         1071    .text               cpuport.o
    0x08009c9c   0x000000f0   Code   RO         1087    .text               context_rvds.o
    0x08009d8c   0x000001a8   Code   RO         1125    .text               i2c_core.o
    0x08009f34   0x00000244   Code   RO         1142    .text               i2c_dev.o
    0x0800a178   0x00000abc   Code   RO         1155    .text               serial.o
    0x0800ac34   0x00000248   Code   RO         1194    .text               completion.o
    0x0800ae7c   0x000004c4   Code   RO         1210    .text               dataqueue.o
    0x0800b340   0x00000a14   Code   RO         1296    .text               shell.o
    0x0800bd54   0x00000bc4   Code   RO         1328    .text               cmd.o
    0x0800c918   0x00001818   Code   RO         1351    .text               finsh_compiler.o
    0x0800e130   0x0000002c   Code   RO         1388    .text               finsh_error.o
    0x0800e15c   0x00000210   Code   RO         1404    .text               finsh_heap.o
    0x0800e36c   0x00000058   Code   RO         1420    .text               finsh_init.o
    0x0800e3c4   0x00000184   Code   RO         1438    .text               finsh_node.o
    0x0800e548   0x00000ad8   Code   RO         1453    .text               finsh_ops.o
    0x0800f020   0x0000097c   Code   RO         1471    .text               finsh_parser.o
    0x0800f99c   0x0000019c   Code   RO         1486    .text               finsh_var.o
    0x0800fb38   0x000000e4   Code   RO         1509    .text               finsh_vm.o
    0x0800fc1c   0x00000658   Code   RO         1536    .text               finsh_token.o
    0x08010274   0x00000040   Code   RO         1551    .text               components.o
    0x080102b4   0x0000001a   Code   RO         1570    .text               c_w.l(atoi.o)
    0x080102ce   0x0000003e   Code   RO         1572    .text               c_w.l(strlen.o)
    0x0801030c   0x00000096   Code   RO         1574    .text               c_w.l(strncmp.o)
    0x080103a2   0x0000008a   Code   RO         1576    .text               c_w.l(rt_memcpy_v6.o)
    0x0801042c   0x00000064   Code   RO         1578    .text               c_w.l(rt_memcpy_w.o)
    0x08010490   0x00000044   Code   RO         1580    .text               c_w.l(rt_memclr.o)
    0x080104d4   0x0000004e   Code   RO         1582    .text               c_w.l(rt_memclr_w.o)
    0x08010522   0x00000056   Code   RO         1584    .text               c_w.l(strncpy.o)
    0x08010578   0x00000080   Code   RO         1586    .text               c_w.l(strcmpv7m.o)
    0x080105f8   0x00000006   Code   RO         1588    .text               c_w.l(heapauxi.o)
    0x080105fe   0x00000002   PAD
    0x08010600   0x00000008   Code   RO         1628    .text               c_w.l(rt_errno_addr_intlibspace.o)
    0x08010608   0x00000016   Code   RO         1630    .text               c_w.l(_rserrno.o)
    0x0801061e   0x00000070   Code   RO         1632    .text               c_w.l(strtol.o)
    0x0801068e   0x00000002   PAD
    0x08010690   0x00000008   Code   RO         1658    .text               c_w.l(libspace.o)
    0x08010698   0x00000010   Code   RO         1676    .text               c_w.l(rt_ctype_table.o)
    0x080106a8   0x0000009e   Code   RO         1678    .text               c_w.l(_strtoul.o)
    0x08010746   0x0000004a   Code   RO         1686    .text               c_w.l(sys_stackheap_outer.o)
    0x08010790   0x00000008   Code   RO         1691    .text               c_w.l(rt_locale_intlibspace.o)
    0x08010798   0x0000001c   Code   RO         1693    .text               c_w.l(_chval.o)
    0x080107b4   0x0000000c   Code   RO         1698    .text               c_w.l(exit.o)
    0x080107c0   0x0000000c   Code   RO         1768    .text               c_w.l(sys_exit.o)
    0x080107cc   0x00000002   Code   RO         1779    .text               c_w.l(use_no_semi.o)
    0x080107ce   0x00000000   Code   RO         1781    .text               c_w.l(indicate_semi.o)
    0x080107ce   0x00000028   Code   RO         1645    i.__ARM_fpclassify  m_ws.l(fpclassify.o)
    0x080107f6   0x000000aa   Code   RO         1647    i.__kernel_poly     m_ws.l(poly.o)
    0x080108a0   0x00000010   Code   RO         1643    i.__mathlib_dbl_underflow  m_ws.l(dunder.o)
    0x080108b0   0x000009e0   Code   RO         1615    i.pow               m_ws.l(pow.o)
    0x08011290   0x0000004c   Code   RO         1651    i.sqrt              m_ws.l(sqrt.o)
    0x080112dc   0x0000002c   Code   RO         1696    locale$$code        c_w.l(lc_ctype_c.o)
    0x08011308   0x00000150   Code   RO         1592    x$fpl$dadd          fz_ws.l(daddsub_clz.o)
    0x08011458   0x00000010   Code   RO         1680    x$fpl$dcheck1       fz_ws.l(dcheck1.o)
    0x08011468   0x00000018   Code   RO         1706    x$fpl$dcmpinf       fz_ws.l(dcmpi.o)
    0x08011480   0x000002b0   Code   RO         1599    x$fpl$ddiv          fz_ws.l(ddiv.o)
    0x08011730   0x0000005a   Code   RO         1602    x$fpl$dfixu         fz_ws.l(dfixu.o)
    0x0801178a   0x0000002e   Code   RO         1607    x$fpl$dflt          fz_ws.l(dflt_clz.o)
    0x080117b8   0x00000026   Code   RO         1606    x$fpl$dfltu         fz_ws.l(dflt_clz.o)
    0x080117de   0x00000002   PAD
    0x080117e0   0x00000078   Code   RO         1682    x$fpl$dleqf         fz_ws.l(dleqf.o)
    0x08011858   0x00000154   Code   RO         1612    x$fpl$dmul          fz_ws.l(dmul.o)
    0x080119ac   0x0000009c   Code   RO         1634    x$fpl$dnaninf       fz_ws.l(dnaninf.o)
    0x08011a48   0x0000000c   Code   RO         1636    x$fpl$dretinf       fz_ws.l(dretinf.o)
    0x08011a54   0x0000006c   Code   RO         1638    x$fpl$drleqf        fz_ws.l(drleqf.o)
    0x08011ac0   0x00000016   Code   RO         1593    x$fpl$drsb          fz_ws.l(daddsub_clz.o)
    0x08011ad6   0x00000002   PAD
    0x08011ad8   0x000001cc   Code   RO         1684    x$fpl$dsqrt         fz_ws.l(dsqrt_noumaal.o)
    0x08011ca4   0x000001d4   Code   RO         1594    x$fpl$dsub          fz_ws.l(daddsub_clz.o)
    0x08011e78   0x00000064   Code   RO         1708    x$fpl$retnan        fz_ws.l(retnan.o)
    0x08011edc   0x0000005c   Code   RO         1640    x$fpl$scalbn        fz_ws.l(scalbn.o)
    0x08011f38   0x00000030   Code   RO         1755    x$fpl$trapveneer    fz_ws.l(trapv.o)
    0x08011f68   0x00000000   Code   RO         1642    x$fpl$usenofp       fz_ws.l(usenofp.o)
    0x08011f68   0x00000024   Data   RO          261    .constdata          led.o
    0x08011f8c   0x00000050   Data   RO          287    .constdata          usart.o
    0x08011fdc   0x00000031   Data   RO          316    .constdata          i2c1.o
    0x0801200d   0x0000001b   Data   RO          340    .constdata          bmp085.o
    0x08012028   0x000000a8   Data   RO          876    .constdata          device.o
    0x080120d0   0x00000016   Data   RO          891    .constdata          idle.o
    0x080120e6   0x000001d7   Data   RO          910    .constdata          ipc.o
    0x080122bd   0x00000122   Data   RO          943    .constdata          kservice.o
    0x080123df   0x0000006d   Data   RO          960    .constdata          mem.o
    0x0801244c   0x0000005e   Data   RO          996    .constdata          object.o
    0x080124aa   0x0000004e   Data   RO         1016    .constdata          scheduler.o
    0x080124f8   0x000000aa   Data   RO         1036    .constdata          thread.o
    0x080125a2   0x0000005c   Data   RO         1053    .constdata          timer.o
    0x080125fe   0x00000013   Data   RO         1072    .constdata          cpuport.o
    0x08012611   0x00000013   Data   RO         1127    .constdata          i2c_core.o
    0x08012624   0x00000072   Data   RO         1143    .constdata          i2c_dev.o
    0x08012696   0x000000d3   Data   RO         1156    .constdata          serial.o
    0x08012769   0x00000039   Data   RO         1195    .constdata          completion.o
    0x080127a2   0x0000004b   Data   RO         1211    .constdata          dataqueue.o
    0x080127ed   0x00000060   Data   RO         1298    .constdata          shell.o
    0x0801284d   0x00000003   PAD
    0x08012850   0x00000200   Data   RO         1329    .constdata          cmd.o
    0x08012a50   0x000000c4   Data   RO         1454    .constdata          finsh_ops.o
    0x08012b14   0x00000040   Data   RO         1537    .constdata          finsh_token.o
    0x08012b54   0x00000004   PAD
    0x08012b58   0x00000088   Data   RO         1616    .constdata          m_ws.l(pow.o)
    0x08012be0   0x00000008   Data   RO         1649    .constdata          m_ws.l(qnan.o)
    0x08012be8   0x00000050   Data   RO          317    .conststring        i2c1.o
    0x08012c38   0x000000ed   Data   RO          961    .conststring        mem.o
    0x08012d25   0x00000003   PAD
    0x08012d28   0x0000019d   Data   RO         1330    .conststring        cmd.o
    0x08012ec5   0x00000003   PAD
    0x08012ec8   0x000000f3   Data   RO         1389    .conststring        finsh_error.o
    0x08012fbb   0x00000001   PAD
    0x08012fbc   0x0000003e   Data   RO         1538    .conststring        finsh_token.o
    0x08012ffa   0x00000002   PAD
    0x08012ffc   0x00000004   Data   RO         1552    .rti_fn.0           components.o
    0x08013000   0x00000004   Data   RO         1553    .rti_fn.1.post      components.o
    0x08013004   0x00000004   Data   RO         1128    .rti_fn.3           i2c_core.o
    0x08013008   0x00000004   Data   RO         1300    .rti_fn.3           shell.o
    0x0801300c   0x00000004   Data   RO         1554    .rti_fn.7           components.o
    0x08013010   0x0000000c   Data   RO          263    FSymTab             led.o
    0x0801301c   0x0000000c   Data   RO          342    FSymTab             bmp085.o
    0x08013028   0x0000000c   Data   RO          963    FSymTab             mem.o
    0x08013034   0x00000090   Data   RO         1332    FSymTab             cmd.o
    0x080130c4   0x00000020   Data   RO         1833    Region$$Table       anon$$obj.o
    0x080130e4   0x00000010   Data   RO         1333    VSymTab             cmd.o
    0x080130f4   0x00000110   Data   RO         1695    locale$$data        c_w.l(lc_ctype_c.o)


    Execution Region RW_IRAM1 (Base: 0x20000000, Size: 0x00001930, Max: 0x00010000, ABSOLUTE, COMPRESSED[0x000000a0])

    Base Addr    Size         Type   Attr      Idx    E Section Name        Object

    0x20000000   0x00000001   Data   RW          262    .data               led.o
    0x20000001   0x00000003   PAD
    0x20000004   0x00000008   Data   RW          288    .data               usart.o
    0x2000000c   0x0000001c   Data   RW          341    .data               bmp085.o
    0x20000028   0x00000014   Data   RW          369    .data               system_stm32f10x.o
    0x2000003c   0x00000014   Data   RW          415    .data               stm32f10x_rcc.o
    0x20000050   0x00000004   Data   RW          862    .data               clock.o
    0x20000054   0x00000004   Data   RW          892    .data               idle.o
    0x20000058   0x00000001   Data   RW          927    .data               irq.o
    0x20000059   0x00000003   PAD
    0x2000005c   0x00000008   Data   RW          944    .data               kservice.o
    0x20000064   0x00000020   Data   RW          962    .data               mem.o
    0x20000084   0x000000a4   Data   RW          997    .data               object.o
    0x20000128   0x0000001c   Data   RW         1017    .data               scheduler.o
    0x20000144   0x00000010   Data   RW         1054    .data               timer.o
    0x20000154   0x00000010   Data   RW         1073    .data               cpuport.o
    0x20000164   0x00000004   Data   RW         1299    .data               shell.o
    0x20000168   0x00000010   Data   RW         1315    .data               symbol.o
    0x20000178   0x00000004   Data   RW         1331    .data               cmd.o
    0x2000017c   0x00000008   Data   RW         1352    .data               finsh_compiler.o
    0x20000184   0x00000040   Data   RW         1390    .data               finsh_error.o
    0x200001c4   0x00000008   Data   RW         1406    .data               finsh_heap.o
    0x200001cc   0x00000004   Data   RW         1488    .data               finsh_var.o
    0x200001d0   0x0000000c   Data   RW         1511    .data               finsh_vm.o
    0x200001dc   0x00000054   Zero   RW          286    .bss                usart.o
    0x20000230   0x000000b8   Zero   RW          315    .bss                i2c1.o
    0x200002e8   0x00000020   Zero   RW          339    .bss                bmp085.o
    0x20000308   0x00000180   Zero   RW          890    .bss                idle.o
    0x20000488   0x00000080   Zero   RW          942    .bss                kservice.o
    0x20000508   0x00000020   Zero   RW          959    .bss                mem.o
    0x20000528   0x00000100   Zero   RW         1015    .bss                scheduler.o
    0x20000628   0x00000024   Zero   RW         1126    .bss                i2c_core.o
    0x2000064c   0x00000880   Zero   RW         1297    .bss                shell.o
    0x20000ecc   0x00000080   Zero   RW         1405    .bss                finsh_heap.o
    0x20000f4c   0x00000140   Zero   RW         1439    .bss                finsh_node.o
    0x2000108c   0x000000c0   Zero   RW         1487    .bss                finsh_var.o
    0x2000114c   0x00000180   Zero   RW         1510    .bss                finsh_vm.o
    0x200012cc   0x00000060   Zero   RW         1659    .bss                c_w.l(libspace.o)
    0x2000132c   0x00000004   PAD
    0x20001330   0x00000200   Zero   RW          855    HEAP                startup_stm32f10x_hd.o
    0x20001530   0x00000400   Zero   RW          854    STACK               startup_stm32f10x_hd.o


==============================================================================

Image component sizes


      Code (inc. data)   RO Data    RW Data    ZI Data      Debug   Object Name

        88         24          0          0          0     275278   application.o
      1148        194         39         28         32       3985   bmp085.o
       152         22          0          0          0      23009   board.o
       100          6          0          4          0       1436   clock.o
      3012       1244       1085          4          0      10495   cmd.o
       584        158         57          0          0       3183   completion.o
        64         12         12          0          0       1766   components.o
       240         26          0          0          0        788   context_rvds.o
      1540        750         19         16          0       3947   cpuport.o
      1220        144         75          0          0       6701   dataqueue.o
      1008        166        168          0          0       5025   device.o
      6168        154          0          8          0      10890   finsh_compiler.o
        44         10        243         64          0       1705   finsh_error.o
       528         18          0          8        128       3439   finsh_heap.o
        88          6          0          0          0       1636   finsh_init.o
       388          4          0          0        320       3344   finsh_node.o
      2776         36        196          0          0       8812   finsh_ops.o
      2428         32          0          0          0       9609   finsh_parser.o
      1624         16        126          0          0       6008   finsh_token.o
       412         18          0          4        192       7325   finsh_var.o
       228         34          0         12        384       7030   finsh_vm.o
      1596        166        129          0        184       5951   i2c1.o
       424         88         23          0         36       3216   i2c_core.o
       580        106        114          0          0       2880   i2c_dev.o
       360        104         22          4        384       2947   idle.o
      6904        466        471          0          0      21327   ipc.o
        72          6          0          1          0       1410   irq.o
      2512        168        290          8        128      10860   kservice.o
       236         10         48          1          0       1937   led.o
      2484        592        358         32         32       5891   mem.o
       484         72          0          0          0       2005   misc.o
       864        180         94        164          0       5884   object.o
       820        180         78         28        256       4837   scheduler.o
      2748        392        211          0          0       8337   serial.o
      2580        306        100          4       2176       5371   shell.o
       176         88          0          0          0       1195   startup.o
        64         26        304          0       1536        876   startup_stm32f10x_hd.o
      2372        176          0          0          0       5470   stm32f10x_dma.o
       740         70          0          0          0       2619   stm32f10x_exti.o
      2688        210          0          0          0       7057   stm32f10x_gpio.o
      3244        190          0          0          0      10771   stm32f10x_i2c.o
        18          0          0          0          0        889   stm32f10x_it.o
      2116        112          0         20          0       9972   stm32f10x_rcc.o
      3520        146          0          0          0      10140   stm32f10x_usart.o
         0          0          0         16          0       4213   symbol.o
       480         38          0         20          0       1943   system_stm32f10x.o
      1716        246        170          0          0       7858   thread.o
      1296        138         92         16          0       6927   timer.o
       752        118         80          8         84      25696   usart.o

    ----------------------------------------------------------------------
     65688       7468       4652        476       5872     573890   Object Totals
         0          0         32          0          0          0   (incl. Generated)
         2          0         16          6          0          0   (incl. Padding)

    ----------------------------------------------------------------------

      Code (inc. data)   RO Data    RW Data    ZI Data      Debug   Library Member Name

        90          0          0          0          0          0   __dczerorl2.o
         8          0          0          0          0         68   __main.o
        52          8          0          0          0          0   __scatter.o
        28          0          0          0          0          0   __scatter_zi.o
        28          0          0          0          0         68   _chval.o
        22          0          0          0          0        100   _rserrno.o
       158          0          0          0          0         92   _strtoul.o
        26          0          0          0          0         80   atoi.o
        12          0          0          0          0         72   exit.o
         6          0          0          0          0        152   heapauxi.o
         0          0          0          0          0          0   indicate_semi.o
        44         10        272          0          0         76   lc_ctype_c.o
         2          0          0          0          0          0   libinit.o
        20          0          0          0          0          0   libinit2.o
         2          0          0          0          0          0   libshutdown.o
         2          0          0          0          0          0   libshutdown2.o
         8          4          0          0         96         68   libspace.o
        16          4          0          0          0         76   rt_ctype_table.o
         8          4          0          0          0         68   rt_errno_addr_intlibspace.o
         8          4          0          0          0         68   rt_locale_intlibspace.o
        68          0          0          0          0         68   rt_memclr.o
        78          0          0          0          0         80   rt_memclr_w.o
       138          0          0          0          0         68   rt_memcpy_v6.o
       100          0          0          0          0         80   rt_memcpy_w.o
         0          0          0          0          0          0   rtentry.o
        12          0          0          0          0          0   rtentry2.o
         6          0          0          0          0          0   rtentry4.o
         2          0          0          0          0          0   rtexit.o
        10          0          0          0          0          0   rtexit2.o
       128          0          0          0          0         68   strcmpv7m.o
        62          0          0          0          0         76   strlen.o
       150          0          0          0          0         80   strncmp.o
        86          0          0          0          0         76   strncpy.o
       112          0          0          0          0         88   strtol.o
        12          4          0          0          0         68   sys_exit.o
        74          0          0          0          0         80   sys_stackheap_outer.o
         2          0          0          0          0         68   use_no_semi.o
       826         16          0          0          0        348   daddsub_clz.o
        16          4          0          0          0         68   dcheck1.o
        24          0          0          0          0         68   dcmpi.o
       688        140          0          0          0        208   ddiv.o
        90          4          0          0          0         92   dfixu.o
        84          0          0          0          0        136   dflt_clz.o
       120          4          0          0          0         92   dleqf.o
       340         12          0          0          0        104   dmul.o
       156          4          0          0          0         92   dnaninf.o
        12          0          0          0          0         68   dretinf.o
       108          0          0          0          0         80   drleqf.o
       460         56          0          0          0        120   dsqrt_noumaal.o
       100          0          0          0          0         68   retnan.o
        92          0          0          0          0         68   scalbn.o
        48          0          0          0          0         68   trapv.o
         0          0          0          0          0          0   usenofp.o
        16          6          0          0          0         68   dunder.o
        40          0          0          0          0         68   fpclassify.o
       170          0          0          0          0         96   poly.o
      2528        190        136          0          0        332   pow.o
         0          0          8          0          0          0   qnan.o
        76          0          0          0          0         84   sqrt.o

    ----------------------------------------------------------------------
      7584        474        416          0        100       4216   Library Totals
        10          0          0          0          4          0   (incl. Padding)

    ----------------------------------------------------------------------

      Code (inc. data)   RO Data    RW Data    ZI Data      Debug   Library Name

      1580         38        272          0         96       1888   c_w.l
      3164        240          0          0          0       1680   fz_ws.l
      2830        196        144          0          0        648   m_ws.l

    ----------------------------------------------------------------------
      7584        474        416          0        100       4216   Library Totals

    ----------------------------------------------------------------------

==============================================================================


      Code (inc. data)   RO Data    RW Data    ZI Data      Debug   

     73272       7942       5068        476       5972     572122   Grand Totals
     73272       7942       5068        160       5972     572122   ELF Image Totals (compressed)
     73272       7942       5068        160          0          0   ROM Totals

==============================================================================

    Total RO  Size (Code + RO Data)                78340 (  76.50kB)
    Total RW  Size (RW Data + ZI Data)              6448 (   6.30kB)
    Total ROM Size (Code + RO Data + RW Data)      78500 (  76.66kB)

==============================================================================

