<html>
<body>
<pre>
<h1>µVision Build Log</h1>
<h2>Project:</h2>
E:\code\TPDT.FlightController_Alpha\project.uvproj
Project File Date:  09/07/2014

<h2>Output:</h2>
Build target 'rtthread-stm32'
compiling mpu6050.c...
linking...
Program Size: Code=73272 RO-data=5068 RW-data=476 ZI-data=5972  
After Build - User command #1: fromelf --bin .\build\rtthread-stm32.axf --output rtthread.bin
".\build\rtthread-stm32.axf" - 0 Error(s), 0 Warning(s).
error:  #20: identifier "RT_OK" is undefined
        return RT_OK;
drivers\mpu6050.c: 0 warnings, 2 errors
".\build\rtthread-stm32.axf" - 2 Error(s), 0 Warning(s).
Target not created

Target not created
ivers\mpu6050.c(28): warning:  #940-D: missing return statement at end of non-void function "mpu6050_init"
  }
drivers\mpu6050.c(34): error:  #20: identifier "rt_bool" is undefined
  rt_bool MPU6050_TestConnection() 
drivers\mpu6050.c(172): error:  #20: identifier "rt_bool" is undefined
  rt_bool MPU6050_GetSleepModeStatus() 
drivers\mpu6050.c: 1 warning, 5 errors
".\build\rtthread-stm32.axf" - 5 Error(s), 1 Warning(s).
Target not created
rror:  #20: identifier "FALSE" is undefined
        return FALSE;
drivers\mpu6050.c(172): error:  #20: identifier "bool" is undefined
  bool MPU6050_GetSleepModeStatus() 
drivers\mpu6050.c(177): error:  #20: identifier "FALSE" is undefined
        return FALSE;
drivers\mpu6050.c(179): error:  #20: identifier "TRUE" is undefined
        return TRUE;    
drivers\mpu6050.c(8): warning:  #177-D: function "GPIO_Configuration" was declared but never referenced
  static void GPIO_Configuration(void)
drivers\mpu6050.c: 3 warnings, 9 errors
".\build\rtthread-stm32.axf" - 9 Error(s), 3 Warning(s).
Target not created
tm32.axf" - 10 Error(s), 3 Warning(s).
Target not created
